Component: ARM Compiler 5.06 update 5 (build 528) Tool: armlink [4d35e2]

==============================================================================

Section Cross References

    startup_stm32f10x_md.o(STACK) refers (Special) to heapauxi.o(.text) for __use_two_region_memory
    startup_stm32f10x_md.o(HEAP) refers (Special) to heapauxi.o(.text) for __use_two_region_memory
    startup_stm32f10x_md.o(RESET) refers (Special) to heapauxi.o(.text) for __use_two_region_memory
    startup_stm32f10x_md.o(RESET) refers to startup_stm32f10x_md.o(STACK) for __initial_sp
    startup_stm32f10x_md.o(RESET) refers to startup_stm32f10x_md.o(.text) for Reset_Handler
    startup_stm32f10x_md.o(RESET) refers to stm32f10x_it.o(i.NMI_Handler) for NMI_Handler
    startup_stm32f10x_md.o(RESET) refers to stm32f10x_it.o(i.HardFault_Handler) for HardFault_Handler
    startup_stm32f10x_md.o(RESET) refers to stm32f10x_it.o(i.MemManage_Handler) for MemManage_Handler
    startup_stm32f10x_md.o(RESET) refers to stm32f10x_it.o(i.BusFault_Handler) for BusFault_Handler
    startup_stm32f10x_md.o(RESET) refers to stm32f10x_it.o(i.UsageFault_Handler) for UsageFault_Handler
    startup_stm32f10x_md.o(RESET) refers to stm32f10x_it.o(i.SVC_Handler) for SVC_Handler
    startup_stm32f10x_md.o(RESET) refers to stm32f10x_it.o(i.DebugMon_Handler) for DebugMon_Handler
    startup_stm32f10x_md.o(RESET) refers to stm32f10x_it.o(i.PendSV_Handler) for PendSV_Handler
    startup_stm32f10x_md.o(RESET) refers to stm32f10x_it.o(i.SysTick_Handler) for SysTick_Handler
    startup_stm32f10x_md.o(RESET) refers to encoder.o(i.EXTI9_5_IRQHandler) for EXTI9_5_IRQHandler
    startup_stm32f10x_md.o(RESET) refers to main.o(i.TIM2_IRQHandler) for TIM2_IRQHandler
    startup_stm32f10x_md.o(RESET) refers to main.o(i.RTCAlarm_IRQHandler) for RTCAlarm_IRQHandler
    startup_stm32f10x_md.o(.text) refers (Special) to heapauxi.o(.text) for __use_two_region_memory
    startup_stm32f10x_md.o(.text) refers to system_stm32f10x.o(i.SystemInit) for SystemInit
    startup_stm32f10x_md.o(.text) refers to __main.o(!!!main) for __main
    startup_stm32f10x_md.o(.text) refers to startup_stm32f10x_md.o(HEAP) for Heap_Mem
    startup_stm32f10x_md.o(.text) refers to startup_stm32f10x_md.o(STACK) for Stack_Mem
    system_stm32f10x.o(i.SetSysClock) refers to system_stm32f10x.o(i.SetSysClockTo72) for SetSysClockTo72
    system_stm32f10x.o(i.SystemCoreClockUpdate) refers to system_stm32f10x.o(.data) for SystemCoreClock
    system_stm32f10x.o(i.SystemInit) refers to system_stm32f10x.o(i.SetSysClock) for SetSysClock
    stm32f10x_adc.o(i.ADC_DeInit) refers to stm32f10x_rcc.o(i.RCC_APB2PeriphResetCmd) for RCC_APB2PeriphResetCmd
    stm32f10x_bkp.o(i.BKP_DeInit) refers to stm32f10x_rcc.o(i.RCC_BackupResetCmd) for RCC_BackupResetCmd
    stm32f10x_can.o(i.CAN_DeInit) refers to stm32f10x_rcc.o(i.RCC_APB1PeriphResetCmd) for RCC_APB1PeriphResetCmd
    stm32f10x_can.o(i.CAN_GetITStatus) refers to stm32f10x_can.o(i.CheckITStatus) for CheckITStatus
    stm32f10x_cec.o(i.CEC_DeInit) refers to stm32f10x_rcc.o(i.RCC_APB1PeriphResetCmd) for RCC_APB1PeriphResetCmd
    stm32f10x_dac.o(i.DAC_DeInit) refers to stm32f10x_rcc.o(i.RCC_APB1PeriphResetCmd) for RCC_APB1PeriphResetCmd
    stm32f10x_flash.o(i.FLASH_EnableWriteProtection) refers to stm32f10x_flash.o(i.FLASH_WaitForLastOperation) for FLASH_WaitForLastOperation
    stm32f10x_flash.o(i.FLASH_EraseAllBank1Pages) refers to stm32f10x_flash.o(i.FLASH_WaitForLastBank1Operation) for FLASH_WaitForLastBank1Operation
    stm32f10x_flash.o(i.FLASH_EraseAllPages) refers to stm32f10x_flash.o(i.FLASH_WaitForLastOperation) for FLASH_WaitForLastOperation
    stm32f10x_flash.o(i.FLASH_EraseOptionBytes) refers to stm32f10x_flash.o(i.FLASH_GetReadOutProtectionStatus) for FLASH_GetReadOutProtectionStatus
    stm32f10x_flash.o(i.FLASH_EraseOptionBytes) refers to stm32f10x_flash.o(i.FLASH_WaitForLastOperation) for FLASH_WaitForLastOperation
    stm32f10x_flash.o(i.FLASH_ErasePage) refers to stm32f10x_flash.o(i.FLASH_WaitForLastOperation) for FLASH_WaitForLastOperation
    stm32f10x_flash.o(i.FLASH_ProgramHalfWord) refers to stm32f10x_flash.o(i.FLASH_WaitForLastOperation) for FLASH_WaitForLastOperation
    stm32f10x_flash.o(i.FLASH_ProgramOptionByteData) refers to stm32f10x_flash.o(i.FLASH_WaitForLastOperation) for FLASH_WaitForLastOperation
    stm32f10x_flash.o(i.FLASH_ProgramWord) refers to stm32f10x_flash.o(i.FLASH_WaitForLastOperation) for FLASH_WaitForLastOperation
    stm32f10x_flash.o(i.FLASH_ReadOutProtection) refers to stm32f10x_flash.o(i.FLASH_WaitForLastOperation) for FLASH_WaitForLastOperation
    stm32f10x_flash.o(i.FLASH_UserOptionByteConfig) refers to stm32f10x_flash.o(i.FLASH_WaitForLastOperation) for FLASH_WaitForLastOperation
    stm32f10x_flash.o(i.FLASH_WaitForLastBank1Operation) refers to stm32f10x_flash.o(i.FLASH_GetBank1Status) for FLASH_GetBank1Status
[...]
    i.OLED_ShowString                        0x08003bc0   Section        0  oled.o(i.OLED_ShowString)
    i.OLED_Update                            0x08003d84   Section        0  oled.o(i.OLED_Update)
    i.OLED_UpdateArea                        0x08003dac   Section        0  oled.o(i.OLED_UpdateArea)
    i.OLED_W_SCL                             0x08003e28   Section        0  oled.o(i.OLED_W_SCL)
    i.OLED_W_SDA                             0x08003e40   Section        0  oled.o(i.OLED_W_SDA)
    i.OLED_WriteCommand                      0x08003e58   Section        0  oled.o(i.OLED_WriteCommand)
    i.OLED_WriteData                         0x08003e78   Section        0  oled.o(i.OLED_WriteData)
    i.PWM_Init                               0x08003ea8   Section        0  pwm.o(i.PWM_Init)
    i.PWM_SetCompare3                        0x08003f3c   Section        0  pwm.o(i.PWM_SetCompare3)
    i.PWR_BackupAccessCmd                    0x08003f50   Section        0  stm32f10x_pwr.o(i.PWR_BackupAccessCmd)
    i.PendSV_Handler                         0x08003f5c   Section        0  stm32f10x_it.o(i.PendSV_Handler)
    i.RCC_APB1PeriphClockCmd                 0x08003f60   Section        0  stm32f10x_rcc.o(i.RCC_APB1PeriphClockCmd)
    i.RCC_APB2PeriphClockCmd                 0x08003f80   Section        0  stm32f10x_rcc.o(i.RCC_APB2PeriphClockCmd)
    i.RCC_GetFlagStatus                      0x08003fa0   Section        0  stm32f10x_rcc.o(i.RCC_GetFlagStatus)
    i.RCC_LSEConfig                          0x08003fdc   Section        0  stm32f10x_rcc.o(i.RCC_LSEConfig)
    i.RCC_RTCCLKCmd                          0x08004010   Section        0  stm32f10x_rcc.o(i.RCC_RTCCLKCmd)
    i.RCC_RTCCLKConfig                       0x0800401c   Section        0  stm32f10x_rcc.o(i.RCC_RTCCLKConfig)
    i.RTCAlarm_IRQHandler                    0x0800402c   Section        0  main.o(i.RTCAlarm_IRQHandler)
    i.RTC_ClearFlag                          0x0800405c   Section        0  stm32f10x_rtc.o(i.RTC_ClearFlag)
    i.RTC_ClearITPendingBit                  0x0800406c   Section        0  stm32f10x_rtc.o(i.RTC_ClearITPendingBit)
    i.RTC_EnterConfigMode                    0x0800407c   Section        0  stm32f10x_rtc.o(i.RTC_EnterConfigMode)
    i.RTC_ExitConfigMode                     0x08004090   Section        0  stm32f10x_rtc.o(i.RTC_ExitConfigMode)
    i.RTC_GetCounter                         0x080040a4   Section        0  stm32f10x_rtc.o(i.RTC_GetCounter)
    i.RTC_GetFlagStatus                      0x080040b8   Section        0  stm32f10x_rtc.o(i.RTC_GetFlagStatus)
    i.RTC_GetITStatus                        0x080040d0   Section        0  stm32f10x_rtc.o(i.RTC_GetITStatus)
    i.RTC_ITConfig                           0x080040f4   Section        0  stm32f10x_rtc.o(i.RTC_ITConfig)
    i.RTC_SetAlarm                           0x08004114   Section        0  stm32f10x_rtc.o(i.RTC_SetAlarm)
    i.RTC_SetCounter                         0x08004130   Section        0  stm32f10x_rtc.o(i.RTC_SetCounter)
    i.RTC_SetPrescaler                       0x0800414c   Section        0  stm32f10x_rtc.o(i.RTC_SetPrescaler)
    i.RTC_WaitForLastTask                    0x0800416c   Section        0  stm32f10x_rtc.o(i.RTC_WaitForLastTask)
    i.RTC_WaitForSynchro                     0x08004180   Section        0  stm32f10x_rtc.o(i.RTC_WaitForSynchro)
    i.SVC_Handler                            0x080041a4   Section        0  stm32f10x_it.o(i.SVC_Handler)
    i.Servo_Init                             0x080041a6   Section        0  servo.o(i.Servo_Init)
    i.Servo_SetAngle                         0x080041b0   Section        0  servo.o(i.Servo_SetAngle)
    i.SetSysClock                            0x080041ec   Section        0  system_stm32f10x.o(i.SetSysClock)
    SetSysClock                              0x080041ed   Thumb Code     8  system_stm32f10x.o(i.SetSysClock)
    i.SetSysClockTo72                        0x080041f4   Section        0  system_stm32f10x.o(i.SetSysClockTo72)
    SetSysClockTo72                          0x080041f5   Thumb Code   214  system_stm32f10x.o(i.SetSysClockTo72)
    i.SysTick_Handler                        0x080042d4   Section        0  stm32f10x_it.o(i.SysTick_Handler)
    i.SystemInit                             0x080042d8   Section        0  system_stm32f10x.o(i.SystemInit)
    i.TIM2_IRQHandler                        0x08004338   Section        0  main.o(i.TIM2_IRQHandler)
    i.TIM_ClearFlag                          0x08004358   Section        0  stm32f10x_tim.o(i.TIM_ClearFlag)
    i.TIM_ClearITPendingBit                  0x0800435e   Section        0  stm32f10x_tim.o(i.TIM_ClearITPendingBit)
    i.TIM_Cmd                                0x08004364   Section        0  stm32f10x_tim.o(i.TIM_Cmd)
    i.TIM_GetITStatus                        0x0800437c   Section        0  stm32f10x_tim.o(i.TIM_GetITStatus)
    i.TIM_ITConfig                           0x0800439e   Section        0  stm32f10x_tim.o(i.TIM_ITConfig)
    i.TIM_InternalClockConfig                0x080043b0   Section        0  stm32f10x_tim.o(i.TIM_InternalClockConfig)
    i.TIM_OC1Init                            0x080043bc   Section        0  stm32f10x_tim.o(i.TIM_OC1Init)
    i.TIM_OC2Init                            0x08004454   Section        0  stm32f10x_tim.o(i.TIM_OC2Init)
    i.TIM_OCStructInit                       0x080044f8   Section        0  stm32f10x_tim.o(i.TIM_OCStructInit)
    i.TIM_SetCompare1                        0x0800450c   Section        0  stm32f10x_tim.o(i.TIM_SetCompare1)
    i.TIM_SetCompare2                        0x08004510   Section        0  stm32f10x_tim.o(i.TIM_SetCompare2)
    i.TIM_TimeBaseInit                       0x08004514   Section        0  stm32f10x_tim.o(i.TIM_TimeBaseInit)
    i.Timer_Init                             0x080045b8   Section        0  timer.o(i.Timer_Init)
    i.UsageFault_Handler                     0x08004632   Section        0  stm32f10x_it.o(i.UsageFault_Handler)
    i.__ARM_fpclassify                       0x08004636   Section        0  fpclassify.o(i.__ARM_fpclassify)
    i._is_digit                              0x0800465e   Section        0  __printf_wp.o(i._is_digit)
    i.appointment                            0x0800466c   Section        0  main.o(i.appointment)
    i.main                                   0x080047ec   Section        0  main.o(i.main)
    i.run                                    0x08004814   Section        0  main.o(i.run)
    locale$$code                             0x080052e4   Section       44  lc_numeric_c.o(locale$$code)
    locale$$code                             0x08005310   Section       44  lc_ctype_c.o(locale$$code)
    x$fpl$fadd                               0x0800533c   Section      196  faddsub_clz.o(x$fpl$fadd)
    _fadd1                                   0x0800534b   Thumb Code     0  faddsub_clz.o(x$fpl$fadd)
    x$fpl$fdiv                               0x08005400   Section      388  fdiv.o(x$fpl$fdiv)
    _fdiv1                                   0x08005401   Thumb Code     0  fdiv.o(x$fpl$fdiv)
    x$fpl$ffixu                              0x08005584   Section       62  ffixu.o(x$fpl$ffixu)
    x$fpl$fmul                               0x080055c4   Section      258  fmul.o(x$fpl$fmul)
    x$fpl$fnaninf                            0x080056c6   Section      140  fnaninf.o(x$fpl$fnaninf)
    x$fpl$fretinf                            0x08005752   Section       10  fretinf.o(x$fpl$fretinf)
    x$fpl$fsub                               0x0800575c   Section      234  faddsub_clz.o(x$fpl$fsub)
    _fsub1                                   0x0800576b   Thumb Code     0  faddsub_clz.o(x$fpl$fsub)
    x$fpl$printf1                            0x08005846   Section        4  printf1.o(x$fpl$printf1)
    x$fpl$printf2                            0x0800584a   Section        4  printf2.o(x$fpl$printf2)
    .constdata                               0x0800584e   Section     4559  oled_data.o(.constdata)
    x$fpl$usenofp                            0x0800584e   Section        0  usenofp.o(x$fpl$usenofp)
    .constdata                               0x08006a1d   Section       17  __printf_flags_ss_wp.o(.constdata)
    maptable                                 0x08006a1d   Data          17  __printf_flags_ss_wp.o(.constdata)
    .constdata                               0x08006a30   Section        8  _printf_wctomb.o(.constdata)
    initial_mbstate                          0x08006a30   Data           8  _printf_wctomb.o(.constdata)
    .constdata                               0x08006a38   Section       40  _printf_hex_int_ll_ptr.o(.constdata)
    uc_hextab                                0x08006a38   Data          20  _printf_hex_int_ll_ptr.o(.constdata)
    lc_hextab                                0x08006a4c   Data          20  _printf_hex_int_ll_ptr.o(.constdata)
    .constdata                               0x08006a60   Section       12  _monlen.o(.constdata)
    .constdata                               0x08006a6c   Section       38  _printf_fp_hex.o(.constdata)
    lc_hextab                                0x08006a6c   Data          19  _printf_fp_hex.o(.constdata)
    uc_hextab                                0x08006a7f   Data          19  _printf_fp_hex.o(.constdata)
    .constdata                               0x08006a94   Section      148  bigflt0.o(.constdata)
    tenpwrs_x                                0x08006a94   Data          60  bigflt0.o(.constdata)
    tenpwrs_i                                0x08006ad0   Data          64  bigflt0.o(.constdata)
    locale$$data                             0x08006b48   Section       28  lc_numeric_c.o(locale$$data)
    __lcnum_c_name                           0x08006b4c   Data           2  lc_numeric_c.o(locale$$data)
    __lcnum_c_start                          0x08006b54   Data           0  lc_numeric_c.o(locale$$data)
    __lcnum_c_point                          0x08006b60   Data           0  lc_numeric_c.o(locale$$data)
    __lcnum_c_thousands                      0x08006b62   Data           0  lc_numeric_c.o(locale$$data)
    __lcnum_c_grouping                       0x08006b63   Data           0  lc_numeric_c.o(locale$$data)
    locale$$data                             0x08006b64   Section      272  lc_ctype_c.o(locale$$data)
    __lcnum_c_end                            0x08006b64   Data           0  lc_numeric_c.o(locale$$data)
    __lcctype_c_name                         0x08006b68   Data           2  lc_ctype_c.o(locale$$data)
    __lcctype_c_start                        0x08006b70   Data           0  lc_ctype_c.o(locale$$data)
    __lcctype_c_end                          0x08006c74   Data           0  lc_ctype_c.o(locale$$data)
    .data                                    0x20000000   Section       12  myrtc.o(.data)
    .data                                    0x2000000c   Section       26  key.o(.data)
    Count                                    0x20000010   Data           1  key.o(.data)
    i                                        0x20000011   Data           1  key.o(.data)
    CurrState                                0x20000012   Data           4  key.o(.data)
    PrevState                                0x20000016   Data           4  key.o(.data)
    S                                        0x2000001a   Data           4  key.o(.data)
    Time                                     0x2000001e   Data           8  key.o(.data)
    .data                                    0x20000026   Section        5  apt.o(.data)
    .data                                    0x2000002b   Section        4  countsensor.o(.data)
    Count                                    0x2000002c   Data           1  countsensor.o(.data)
    CurrState                                0x2000002d   Data           1  countsensor.o(.data)
    PrevState                                0x2000002e   Data           1  countsensor.o(.data)
    .data                                    0x2000002f   Section      608  main.o(.data)
    .bss                                     0x20000290   Section     1024  oled.o(.bss)
    .bss                                     0x20000690   Section       96  libspace.o(.bss)
    HEAP                                     0x200006f0   Section      512  startup_stm32f10x_md.o(HEAP)
    Heap_Mem                                 0x200006f0   Data         512  startup_stm32f10x_md.o(HEAP)
    STACK                                    0x200008f0   Section     1024  startup_stm32f10x_md.o(STACK)
    Stack_Mem                                0x200008f0   Data        1024  startup_stm32f10x_md.o(STACK)
    __initial_sp                             0x20000cf0   Data           0  startup_stm32f10x_md.o(STACK)

    Global Symbols

    Symbol Name                              Value     Ov Type        Size  Object(Section)

    BuildAttributes$$THM_ISAv4$P$D$K$B$S$PE$A:L22UL41UL21$X:L11$S22US41US21$IEEE1$IW$USESV6$~STKCKD$USESV7$~SHL$OTIME$ROPI$IEEEX$EBA8$UX$STANDARDLIB$REQ8$PRES8$EABIv2 0x00000000   Number         0  anon$$obj.o ABSOLUTE
    __ARM_use_no_argv                        0x00000000   Number         0  main.o ABSOLUTE
    _printf_flags                            0x00000000   Number         0  printf_stubs.o ABSOLUTE
    _printf_return_value                     0x00000000   Number         0  printf_stubs.o ABSOLUTE
    _printf_sizespec                         0x00000000   Number         0  printf_stubs.o ABSOLUTE
    _printf_widthprec                        0x00000000   Number         0  printf_stubs.o ABSOLUTE
    __ARM_exceptions_init                     - Undefined Weak Reference
    __alloca_initialize                       - Undefined Weak Reference
    __arm_preinit_                            - Undefined Weak Reference
    __cpp_initialize__aeabi_                  - Undefined Weak Reference
    __cxa_finalize                            - Undefined Weak Reference
    __sigvec_lookup                           - Undefined Weak Reference
    _atexit_init                              - Undefined Weak Reference
    _call_atexit_fns                          - Undefined Weak Reference
    _clock_init                               - Undefined Weak Reference
    _fp_trap_init                             - Undefined Weak Reference
    _fp_trap_shutdown                         - Undefined Weak Reference
    _get_lc_collate                           - Undefined Weak Reference
    _get_lc_monetary                          - Undefined Weak Reference
    _get_lc_time                              - Undefined Weak Reference
    _getenv_init                              - Undefined Weak Reference
    _handle_redirection                       - Undefined Weak Reference
    _init_alloc                               - Undefined Weak Reference
    _init_user_alloc                          - Undefined Weak Reference
    _initio                                   - Undefined Weak Reference
    _printf_mbtowc                            - Undefined Weak Reference
    _printf_wc                                - Undefined Weak Reference
    _rand_init                                - Undefined Weak Reference
    _signal_finish                            - Undefined Weak Reference
    _signal_init                              - Undefined Weak Reference
    _terminate_alloc                          - Undefined Weak Reference
    _terminate_user_alloc                     - Undefined Weak Reference
    _terminateio                              - Undefined Weak Reference
    __Vectors_Size                           0x000000ec   Number         0  startup_stm32f10x_md.o ABSOLUTE
    __Vectors                                0x08000000   Data           4  startup_stm32f10x_md.o(RESET)
    __Vectors_End                            0x080000ec   Data           0  startup_stm32f10x_md.o(RESET)
    __main                                   0x080000ed   Thumb Code     8  __main.o(!!!main)
    __scatterload                            0x080000f5   Thumb Code     0  __scatter.o(!!!scatter)
    __scatterload_rt2                        0x080000f5   Thumb Code    44  __scatter.o(!!!scatter)
    __scatterload_rt2_thumb_only             0x080000f5   Thumb Code     0  __scatter.o(!!!scatter)
    __scatterload_null                       0x08000103   Thumb Code     0  __scatter.o(!!!scatter)
    __decompress                             0x08000129   Thumb Code    90  __dczerorl2.o(!!dczerorl2)
    __decompress1                            0x08000129   Thumb Code     0  __dczerorl2.o(!!dczerorl2)
    __scatterload_zeroinit                   0x08000185   Thumb Code    28  __scatter_zi.o(!!handler_zi)
    _printf_n                                0x080001a1   Thumb Code     0  _printf_n.o(.ARM.Collect$$_printf_percent$$00000001)
    _printf_percent                          0x080001a1   Thumb Code     0  _printf_percent.o(.ARM.Collect$$_printf_percent$$00000000)
    _printf_p                                0x080001a7   Thumb Code     0  _printf_p.o(.ARM.Collect$$_printf_percent$$00000002)
    _printf_f                                0x080001ad   Thumb Code     0  _printf_f.o(.ARM.Collect$$_printf_percent$$00000003)
    _printf_e                                0x080001b3   Thumb Code     0  _printf_e.o(.ARM.Collect$$_printf_percent$$00000004)
    _printf_g                                0x080001b9   Thumb Code     0  _printf_g.o(.ARM.Collect$$_printf_percent$$00000005)
    _printf_a                                0x080001bf   Thumb Code     0  _printf_a.o(.ARM.Collect$$_printf_percent$$00000006)
    _printf_ll                               0x080001c5   Thumb Code     0  _printf_ll.o(.ARM.Collect$$_printf_percent$$00000007)
    _printf_i                                0x080001cf   Thumb Code     0  _printf_i.o(.ARM.Collect$$_printf_percent$$00000008)
    _printf_d                                0x080001d5   Thumb Code     0  _printf_d.o(.ARM.Collect$$_printf_percent$$00000009)
    _printf_u                                0x080001db   Thumb Code     0  _printf_u.o(.ARM.Collect$$_printf_percent$$0000000A)
    _printf_o                                0x080001e1   Thumb Code     0  _printf_o.o(.ARM.Collect$$_printf_percent$$0000000B)
    _printf_x                                0x080001e7   Thumb Code     0  _printf_x.o(.ARM.Collect$$_printf_percent$$0000000C)
    _printf_lli                              0x080001ed   Thumb Code     0  _printf_lli.o(.ARM.Collect$$_printf_percent$$0000000D)
    _printf_lld                              0x080001f3   Thumb Code     0  _printf_lld.o(.ARM.Collect$$_printf_percent$$0000000E)
    _printf_llu                              0x080001f9   Thumb Code     0  _printf_llu.o(.ARM.Collect$$_printf_percent$$0000000F)
    _printf_llo                              0x080001ff   Thumb Code     0  _printf_llo.o(.ARM.Collect$$_printf_percent$$00000010)
    _printf_llx                              0x08000205   Thumb Code     0  _printf_llx.o(.ARM.Collect$$_printf_percent$$00000011)
    _printf_l                                0x0800020b   Thumb Code     0  _printf_l.o(.ARM.Collect$$_printf_percent$$00000012)
    _printf_c                                0x08000215   Thumb Code     0  _printf_c.o(.ARM.Collect$$_printf_percent$$00000013)
    _printf_s                                0x0800021b   Thumb Code     0  _printf_s.o(.ARM.Collect$$_printf_percent$$00000014)
    _printf_lc                               0x08000221   Thumb Code     0  _printf_lc.o(.ARM.Collect$$_printf_percent$$00000015)
    _printf_ls                               0x08000227   Thumb Code     0  _printf_ls.o(.ARM.Collect$$_printf_percent$$00000016)
    _printf_percent_end                      0x0800022d   Thumb Code     0  _printf_percent_end.o(.ARM.Collect$$_printf_percent$$00000017)
    __rt_lib_init                            0x08000231   Thumb Code     0  libinit.o(.ARM.Collect$$libinit$$00000000)
    __rt_lib_init_fp_1                       0x08000233   Thumb Code     0  libinit2.o(.ARM.Collect$$libinit$$00000002)
    __rt_lib_init_heap_1                     0x08000233   Thumb Code     0  libinit2.o(.ARM.Collect$$libinit$$0000000A)
    __rt_lib_init_lc_common                  0x08000233   Thumb Code     0  libinit2.o(.ARM.Collect$$libinit$$0000000F)
    __rt_lib_init_preinit_1                  0x08000233   Thumb Code     0  libinit2.o(.ARM.Collect$$libinit$$00000004)
    __rt_lib_init_rand_1                     0x08000233   Thumb Code     0  libinit2.o(.ARM.Collect$$libinit$$0000000E)
    __rt_lib_init_user_alloc_1               0x08000233   Thumb Code     0  libinit2.o(.ARM.Collect$$libinit$$0000000C)
    __rt_lib_init_lc_collate_1               0x08000239   Thumb Code     0  libinit2.o(.ARM.Collect$$libinit$$00000011)
    __rt_lib_init_lc_ctype_2                 0x08000239   Thumb Code     0  libinit2.o(.ARM.Collect$$libinit$$00000012)
    __rt_lib_init_lc_ctype_1                 0x08000245   Thumb Code     0  libinit2.o(.ARM.Collect$$libinit$$00000013)
    __rt_lib_init_lc_monetary_1              0x08000245   Thumb Code     0  libinit2.o(.ARM.Collect$$libinit$$00000015)
    __rt_lib_init_lc_numeric_2               0x08000245   Thumb Code     0  libinit2.o(.ARM.Collect$$libinit$$00000016)
    __rt_lib_init_alloca_1                   0x0800024f   Thumb Code     0  libinit2.o(.ARM.Collect$$libinit$$0000002E)
    __rt_lib_init_argv_1                     0x0800024f   Thumb Code     0  libinit2.o(.ARM.Collect$$libinit$$0000002C)
    __rt_lib_init_atexit_1                   0x0800024f   Thumb Code     0  libinit2.o(.ARM.Collect$$libinit$$0000001B)
    __rt_lib_init_clock_1                    0x0800024f   Thumb Code     0  libinit2.o(.ARM.Collect$$libinit$$00000021)
    __rt_lib_init_cpp_1                      0x0800024f   Thumb Code     0  libinit2.o(.ARM.Collect$$libinit$$00000032)
    __rt_lib_init_exceptions_1               0x0800024f   Thumb Code     0  libinit2.o(.ARM.Collect$$libinit$$00000030)
    __rt_lib_init_fp_trap_1                  0x0800024f   Thumb Code     0  libinit2.o(.ARM.Collect$$libinit$$0000001F)
    __rt_lib_init_getenv_1                   0x0800024f   Thumb Code     0  libinit2.o(.ARM.Collect$$libinit$$00000023)
    __rt_lib_init_lc_numeric_1               0x0800024f   Thumb Code     0  libinit2.o(.ARM.Collect$$libinit$$00000017)
    __rt_lib_init_lc_time_1                  0x0800024f   Thumb Code     0  libinit2.o(.ARM.Collect$$libinit$$00000019)
    __rt_lib_init_return                     0x0800024f   Thumb Code     0  libinit2.o(.ARM.Collect$$libinit$$00000033)
    __rt_lib_init_signal_1                   0x0800024f   Thumb Code     0  libinit2.o(.ARM.Collect$$libinit$$0000001D)
    __rt_lib_init_stdio_1                    0x0800024f   Thumb Code     0  libinit2.o(.ARM.Collect$$libinit$$00000025)
    __rt_lib_shutdown                        0x08000251   Thumb Code     0  libshutdown.o(.ARM.Collect$$libshutdown$$00000000)
    __rt_lib_shutdown_cpp_1                  0x08000253   Thumb Code     0  libshutdown2.o(.ARM.Collect$$libshutdown$$00000002)
    __rt_lib_shutdown_fp_trap_1              0x08000253   Thumb Code     0  libshutdown2.o(.ARM.Collect$$libshutdown$$00000007)
    __rt_lib_shutdown_heap_1                 0x08000253   Thumb Code     0  libshutdown2.o(.ARM.Collect$$libshutdown$$0000000F)
    __rt_lib_shutdown_return                 0x08000253   Thumb Code     0  libshutdown2.o(.ARM.Collect$$libshutdown$$00000010)
    __rt_lib_shutdown_signal_1               0x08000253   Thumb Code     0  libshutdown2.o(.ARM.Collect$$libshutdown$$0000000A)
    __rt_lib_shutdown_stdio_1                0x08000253   Thumb Code     0  libshutdown2.o(.ARM.Collect$$libshutdown$$00000004)
    __rt_lib_shutdown_user_alloc_1           0x08000253   Thumb Code     0  libshutdown2.o(.ARM.Collect$$libshutdown$$0000000C)
    __rt_entry                               0x08000255   Thumb Code     0  __rtentry.o(.ARM.Collect$$rtentry$$00000000)
    __rt_entry_presh_1                       0x08000255   Thumb Code     0  __rtentry2.o(.ARM.Collect$$rtentry$$00000002)
    __rt_entry_sh                            0x08000255   Thumb Code     0  __rtentry4.o(.ARM.Collect$$rtentry$$00000004)
    __rt_entry_li                            0x0800025b   Thumb Code     0  __rtentry2.o(.ARM.Collect$$rtentry$$0000000A)
    __rt_entry_postsh_1                      0x0800025b   Thumb Code     0  __rtentry2.o(.ARM.Collect$$rtentry$$00000009)
    __rt_entry_main                          0x0800025f   Thumb Code     0  __rtentry2.o(.ARM.Collect$$rtentry$$0000000D)
    __rt_entry_postli_1                      0x0800025f   Thumb Code     0  __rtentry2.o(.ARM.Collect$$rtentry$$0000000C)
    __rt_exit                                0x08000267   Thumb Code     0  rtexit.o(.ARM.Collect$$rtexit$$00000000)
    __rt_exit_ls                             0x08000269   Thumb Code     0  rtexit2.o(.ARM.Collect$$rtexit$$00000003)
    __rt_exit_prels_1                        0x08000269   Thumb Code     0  rtexit2.o(.ARM.Collect$$rtexit$$00000002)
    __rt_exit_exit                           0x0800026d   Thumb Code     0  rtexit2.o(.ARM.Collect$$rtexit$$00000004)
    Reset_Handler                            0x08000275   Thumb Code     8  startup_stm32f10x_md.o(.text)
    ADC1_2_IRQHandler                        0x0800028f   Thumb Code     0  startup_stm32f10x_md.o(.text)
    CAN1_RX1_IRQHandler                      0x0800028f   Thumb Code     0  startup_stm32f10x_md.o(.text)
    CAN1_SCE_IRQHandler                      0x0800028f   Thumb Code     0  startup_stm32f10x_md.o(.text)
    DMA1_Channel1_IRQHandler                 0x0800028f   Thumb Code     0  startup_stm32f10x_md.o(.text)
    DMA1_Channel2_IRQHandler                 0x0800028f   Thumb Code     0  startup_stm32f10x_md.o(.text)
    DMA1_Channel3_IRQHandler                 0x0800028f   Thumb Code     0  startup_stm32f10x_md.o(.text)
    DMA1_Channel4_IRQHandler                 0x0800028f   Thumb Code     0  startup_stm32f10x_md.o(.text)
    DMA1_Channel5_IRQHandler                 0x0800028f   Thumb Code     0  startup_stm32f10x_md.o(.text)
    DMA1_Channel6_IRQHandler                 0x0800028f   Thumb Code     0  startup_stm32f10x_md.o(.text)
    DMA1_Channel7_IRQHandler                 0x0800028f   Thumb Code     0  startup_stm32f10x_md.o(.text)
    EXTI0_IRQHandler                         0x0800028f   Thumb Code     0  startup_stm32f10x_md.o(.text)
    EXTI15_10_IRQHandler                     0x0800028f   Thumb Code     0  startup_stm32f10x_md.o(.text)
    EXTI1_IRQHandler                         0x0800028f   Thumb Code     0  startup_stm32f10x_md.o(.text)
    EXTI2_IRQHandler                         0x0800028f   Thumb Code     0  startup_stm32f10x_md.o(.text)
    EXTI3_IRQHandler                         0x0800028f   Thumb Code     0  startup_stm32f10x_md.o(.text)
    EXTI4_IRQHandler                         0x0800028f   Thumb Code     0  startup_stm32f10x_md.o(.text)
    FLASH_IRQHandler                         0x0800028f   Thumb Code     0  startup_stm32f10x_md.o(.text)
    I2C1_ER_IRQHandler                       0x0800028f   Thumb Code     0  startup_stm32f10x_md.o(.text)
    I2C1_EV_IRQHandler                       0x0800028f   Thumb Code     0  startup_stm32f10x_md.o(.text)
    I2C2_ER_IRQHandler                       0x0800028f   Thumb Code     0  startup_stm32f10x_md.o(.text)
    I2C2_EV_IRQHandler                       0x0800028f   Thumb Code     0  startup_stm32f10x_md.o(.text)
    PVD_IRQHandler                           0x0800028f   Thumb Code     0  startup_stm32f10x_md.o(.text)
    RCC_IRQHandler                           0x0800028f   Thumb Code     0  startup_stm32f10x_md.o(.text)
    RTC_IRQHandler                           0x0800028f   Thumb Code     0  startup_stm32f10x_md.o(.text)
    SPI1_IRQHandler                          0x0800028f   Thumb Code     0  startup_stm32f10x_md.o(.text)
    SPI2_IRQHandler                          0x0800028f   Thumb Code     0  startup_stm32f10x_md.o(.text)
    TAMPER_IRQHandler                        0x0800028f   Thumb Code     0  startup_stm32f10x_md.o(.text)
    TIM1_BRK_IRQHandler                      0x0800028f   Thumb Code     0  startup_stm32f10x_md.o(.text)
    TIM1_CC_IRQHandler                       0x0800028f   Thumb Code     0  startup_stm32f10x_md.o(.text)
    TIM1_TRG_COM_IRQHandler                  0x0800028f   Thumb Code     0  startup_stm32f10x_md.o(.text)
    TIM1_UP_IRQHandler                       0x0800028f   Thumb Code     0  startup_stm32f10x_md.o(.text)
    TIM3_IRQHandler                          0x0800028f   Thumb Code     0  startup_stm32f10x_md.o(.text)
    TIM4_IRQHandler                          0x0800028f   Thumb Code     0  startup_stm32f10x_md.o(.text)
    USART1_IRQHandler                        0x0800028f   Thumb Code     0  startup_stm32f10x_md.o(.text)
    USART2_IRQHandler                        0x0800028f   Thumb Code     0  startup_stm32f10x_md.o(.text)
    USART3_IRQHandler                        0x0800028f   Thumb Code     0  startup_stm32f10x_md.o(.text)
    USBWakeUp_IRQHandler                     0x0800028f   Thumb Code     0  startup_stm32f10x_md.o(.text)
    USB_HP_CAN1_TX_IRQHandler                0x0800028f   Thumb Code     0  startup_stm32f10x_md.o(.text)
    USB_LP_CAN1_RX0_IRQHandler               0x0800028f   Thumb Code     0  startup_stm32f10x_md.o(.text)
    WWDG_IRQHandler                          0x0800028f   Thumb Code     0  startup_stm32f10x_md.o(.text)
    __user_initial_stackheap                 0x08000291   Thumb Code     0  startup_stm32f10x_md.o(.text)
    vsprintf                                 0x080002b5   Thumb Code    32  vsprintf.o(.text)
    __2sprintf                               0x080002d9   Thumb Code    38  __2sprintf.o(.text)
    _printf_int_dec                          0x08000305   Thumb Code   104  _printf_dec.o(.text)
    __printf                                 0x0800037d   Thumb Code   388  __printf_flags_ss_wp.o(.text)
    strcpy                                   0x08000505   Thumb Code    72  strcpy.o(.text)
    strcmp                                   0x0800054d   Thumb Code   128  strcmpv7m.o(.text)
    mktime                                   0x0800060b   Thumb Code   356  mktime.o(.text)
    __use_two_region_memory                  0x08000779   Thumb Code     2  heapauxi.o(.text)
    __rt_heap_escrow$2region                 0x0800077b   Thumb Code     2  heapauxi.o(.text)
    __rt_heap_expand$2region                 0x0800077d   Thumb Code     2  heapauxi.o(.text)
    _printf_pre_padding                      0x0800077f   Thumb Code    44  _printf_pad.o(.text)
    _printf_post_padding                     0x080007ab   Thumb Code    34  _printf_pad.o(.text)
    _printf_truncate_signed                  0x080007cd   Thumb Code    18  _printf_truncate.o(.text)
    _printf_truncate_unsigned                0x080007df   Thumb Code    18  _printf_truncate.o(.text)
    _printf_str                              0x080007f1   Thumb Code    82  _printf_str.o(.text)
    _printf_int_common                       0x08000843   Thumb Code   178  _printf_intcommon.o(.text)
    _printf_charcount                        0x080008f5   Thumb Code    40  _printf_charcount.o(.text)
    _printf_char_common                      0x08000927   Thumb Code    32  _printf_char_common.o(.text)
    _sputc                                   0x0800094d   Thumb Code    10  _sputc.o(.text)
    _printf_wctomb                           0x08000959   Thumb Code   182  _printf_wctomb.o(.text)
    _printf_longlong_dec                     0x08000a15   Thumb Code   108  _printf_longlong_dec.o(.text)
    _printf_longlong_oct                     0x08000a91   Thumb Code    66  _printf_oct_int_ll.o(.text)
    _printf_int_oct                          0x08000ad3   Thumb Code    24  _printf_oct_int_ll.o(.text)
    _printf_ll_oct                           0x08000aeb   Thumb Code    12  _printf_oct_int_ll.o(.text)
    _printf_longlong_hex                     0x08000b01   Thumb Code    86  _printf_hex_int_ll_ptr.o(.text)
    _printf_int_hex                          0x08000b57   Thumb Code    28  _printf_hex_int_ll_ptr.o(.text)
    _printf_ll_hex                           0x08000b73   Thumb Code    12  _printf_hex_int_ll_ptr.o(.text)
    _printf_hex_ptr                          0x08000b7f   Thumb Code    18  _printf_hex_int_ll_ptr.o(.text)
    _ll_udiv10                               0x08000b95   Thumb Code   138  lludiv10.o(.text)
    __lib_sel_fp_printf                      0x08000c1f   Thumb Code     2  _printf_fp_dec.o(.text)
    _printf_fp_dec_real                      0x08000dd1   Thumb Code   620  _printf_fp_dec.o(.text)
    _printf_fp_hex_real                      0x0800103d   Thumb Code   756  _printf_fp_hex.o(.text)
    _printf_cs_common                        0x08001339   Thumb Code    20  _printf_char.o(.text)
    _printf_char                             0x0800134d   Thumb Code    16  _printf_char.o(.text)
    _printf_string                           0x0800135d   Thumb Code     8  _printf_char.o(.text)
    _printf_lcs_common                       0x08001365   Thumb Code    20  _printf_wchar.o(.text)
    _printf_wchar                            0x08001379   Thumb Code    16  _printf_wchar.o(.text)
    _printf_wstring                          0x08001389   Thumb Code     8  _printf_wchar.o(.text)
    _wcrtomb                                 0x08001391   Thumb Code    64  _wcrtomb.o(.text)
    __user_libspace                          0x080013d1   Thumb Code     8  libspace.o(.text)
    __user_perproc_libspace                  0x080013d1   Thumb Code     0  libspace.o(.text)
    __user_perthread_libspace                0x080013d1   Thumb Code     0  libspace.o(.text)
    __user_setup_stackheap                   0x080013d9   Thumb Code    74  sys_stackheap_outer.o(.text)
    __rt_ctype_table                         0x08001425   Thumb Code    16  rt_ctype_table.o(.text)
    __rt_locale                              0x08001435   Thumb Code     8  rt_locale_intlibspace.o(.text)
    _printf_fp_infnan                        0x0800143d   Thumb Code   112  _printf_fp_infnan.o(.text)
    _btod_etento                             0x080014bd   Thumb Code   224  bigflt0.o(.text)
    exit                                     0x080015a1   Thumb Code    18  exit.o(.text)
    _sys_exit                                0x080015b5   Thumb Code     8  sys_exit.o(.text)
    __I$use$semihosting                      0x080015c1   Thumb Code     0  use_no_semi.o(.text)
    __use_no_semihosting_swi                 0x080015c1   Thumb Code     2  use_no_semi.o(.text)
    __semihosting_library_function           0x080015c3   Thumb Code     0  indicate_semi.o(.text)
    _btod_d2e                                0x080015c3   Thumb Code    62  btod.o(CL$$btod_d2e)
    _d2e_denorm_low                          0x08001601   Thumb Code    70  btod.o(CL$$btod_d2e_denorm_low)
    _d2e_norm_op1                            0x08001647   Thumb Code    96  btod.o(CL$$btod_d2e_norm_op1)
    __btod_div_common                        0x080016a7   Thumb Code   696  btod.o(CL$$btod_div_common)
    _e2e                                     0x080019df   Thumb Code   220  btod.o(CL$$btod_e2e)
    _btod_ediv                               0x08001abb   Thumb Code    42  btod.o(CL$$btod_ediv)
    _btod_emul                               0x08001ae5   Thumb Code    42  btod.o(CL$$btod_emul)
    __btod_mult_common                       0x08001b0f   Thumb Code   580  btod.o(CL$$btod_mult_common)
    Apt_CFM                                  0x08001d55   Thumb Code  1826  apt.o(i.Apt_CFM)
    Apt_Dish                                 0x08002489   Thumb Code    10  apt.o(i.Apt_Dish)
    BKP_ReadBackupRegister                   0x0800249d   Thumb Code    24  stm32f10x_bkp.o(i.BKP_ReadBackupRegister)
    BKP_WriteBackupRegister                  0x080024b9   Thumb Code    22  stm32f10x_bkp.o(i.BKP_WriteBackupRegister)
    BusFault_Handler                         0x080024d5   Thumb Code     4  stm32f10x_it.o(i.BusFault_Handler)
    Buzzer_Init                              0x080024d9   Thumb Code    48  buzzer.o(i.Buzzer_Init)
    Buzzer_ON                                0x0800250d   Thumb Code    32  buzzer.o(i.Buzzer_ON)
    CountSensor_Check                        0x08002531   Thumb Code    32  countsensor.o(i.CountSensor_Check)
    CountSensor_GetState                     0x08002555   Thumb Code    24  countsensor.o(i.CountSensor_GetState)
    CountSensor_Init                         0x08002571   Thumb Code    40  countsensor.o(i.CountSensor_Init)
    CountSensor_Tick                         0x0800259d   Thumb Code   130  countsensor.o(i.CountSensor_Tick)
    CountSensor_clearAllFlags                0x08002631   Thumb Code    14  countsensor.o(i.CountSensor_clearAllFlags)
    DC_Init                                  0x08002645   Thumb Code   140  dc.o(i.DC_Init)
    DC_SetCompare2                           0x080026d9   Thumb Code    14  dc.o(i.DC_SetCompare2)
    DebugMon_Handler                         0x080026ed   Thumb Code     2  stm32f10x_it.o(i.DebugMon_Handler)
    Delay_ms                                 0x080026ef   Thumb Code    24  delay.o(i.Delay_ms)
    Delay_us                                 0x08002707   Thumb Code    46  delay.o(i.Delay_us)
    EXTI9_5_IRQHandler                       0x08002735   Thumb Code    88  encoder.o(i.EXTI9_5_IRQHandler)
    EXTI_ClearITPendingBit                   0x08002795   Thumb Code     6  stm32f10x_exti.o(i.EXTI_ClearITPendingBit)
    EXTI_GetITStatus                         0x080027a1   Thumb Code    34  stm32f10x_exti.o(i.EXTI_GetITStatus)
    EXTI_Init                                0x080027c9   Thumb Code   142  stm32f10x_exti.o(i.EXTI_Init)
    Encoder_Continue                         0x0800285d   Thumb Code    34  encoder.o(i.Encoder_Continue)
    Encoder_Init                             0x08002881   Thumb Code   182  encoder.o(i.Encoder_Init)
    Encoder_Stop                             0x08002941   Thumb Code    32  encoder.o(i.Encoder_Stop)
    GPIO_EXTILineConfig                      0x08002961   Thumb Code    60  stm32f10x_gpio.o(i.GPIO_EXTILineConfig)
    GPIO_Init                                0x080029a1   Thumb Code   278  stm32f10x_gpio.o(i.GPIO_Init)
    GPIO_ReadInputDataBit                    0x08002ab7   Thumb Code    18  stm32f10x_gpio.o(i.GPIO_ReadInputDataBit)
    GPIO_ReadOutputDataBit                   0x08002ac9   Thumb Code    18  stm32f10x_gpio.o(i.GPIO_ReadOutputDataBit)
    GPIO_ResetBits                           0x08002adb   Thumb Code     4  stm32f10x_gpio.o(i.GPIO_ResetBits)
    GPIO_SetBits                             0x08002adf   Thumb Code     4  stm32f10x_gpio.o(i.GPIO_SetBits)
    GPIO_WriteBit                            0x08002ae3   Thumb Code    10  stm32f10x_gpio.o(i.GPIO_WriteBit)
    HardFault_Handler                        0x08002aed   Thumb Code     4  stm32f10x_it.o(i.HardFault_Handler)
    Key_Check                                0x08002af1   Thumb Code    32  key.o(i.Key_Check)
    Key_GetState                             0x08002b15   Thumb Code    80  key.o(i.Key_GetState)
    Key_Init                                 0x08002b69   Thumb Code    66  key.o(i.Key_Init)
    Key_Tick                                 0x08002bb1   Thumb Code   660  key.o(i.Key_Tick)
    Key_clearAllFlags                        0x08002e61   Thumb Code    26  key.o(i.Key_clearAllFlags)
    LED1_OFF                                 0x08002e81   Thumb Code    12  led.o(i.LED1_OFF)
    LED1_ON                                  0x08002e91   Thumb Code    12  led.o(i.LED1_ON)
    LED2_Turn                                0x08002ea1   Thumb Code    32  led.o(i.LED2_Turn)
    LED3_OFF                                 0x08002ec5   Thumb Code    12  led.o(i.LED3_OFF)
    LED3_ON                                  0x08002ed5   Thumb Code    12  led.o(i.LED3_ON)
    LED4_OFF                                 0x08002ee5   Thumb Code    12  led.o(i.LED4_OFF)
    LED4_ON                                  0x08002ef5   Thumb Code    12  led.o(i.LED4_ON)
    LED_Init                                 0x08002f05   Thumb Code    46  led.o(i.LED_Init)
    MENU                                     0x08002f39   Thumb Code  1540  main.o(i.MENU)
    MemManage_Handler                        0x080035b9   Thumb Code     4  stm32f10x_it.o(i.MemManage_Handler)
    Motor_Init                               0x080035bd   Thumb Code    42  motor.o(i.Motor_Init)
    Motor_SetSpeed                           0x080035ed   Thumb Code    58  motor.o(i.Motor_SetSpeed)
    MyRTC_Init                               0x0800362d   Thumb Code   248  myrtc.o(i.MyRTC_Init)
    MyRTC_SetTime                            0x08003729   Thumb Code    72  myrtc.o(i.MyRTC_SetTime)
    NMI_Handler                              0x08003771   Thumb Code     2  stm32f10x_it.o(i.NMI_Handler)
    NVIC_Init                                0x08003775   Thumb Code   100  misc.o(i.NVIC_Init)
    NVIC_PriorityGroupConfig                 0x080037e5   Thumb Code    10  misc.o(i.NVIC_PriorityGroupConfig)
    OLED_Clear                               0x080037f9   Thumb Code    36  oled.o(i.OLED_Clear)
    OLED_ClearArea                           0x08003821   Thumb Code   140  oled.o(i.OLED_ClearArea)
    OLED_GPIO_Init                           0x080038b1   Thumb Code    92  oled.o(i.OLED_GPIO_Init)
    OLED_I2C_SendByte                        0x08003911   Thumb Code    62  oled.o(i.OLED_I2C_SendByte)
    OLED_I2C_Start                           0x0800394f   Thumb Code    28  oled.o(i.OLED_I2C_Start)
    OLED_I2C_Stop                            0x0800396b   Thumb Code    22  oled.o(i.OLED_I2C_Stop)
    OLED_Init                                0x08003981   Thumb Code   154  oled.o(i.OLED_Init)
    OLED_Printf                              0x08003a1b   Thumb Code    50  oled.o(i.OLED_Printf)
    OLED_SetCursor                           0x08003a4d   Thumb Code    34  oled.o(i.OLED_SetCursor)
    OLED_ShowChar                            0x08003a71   Thumb Code    74  oled.o(i.OLED_ShowChar)
    OLED_ShowImage                           0x08003ac5   Thumb Code   248  oled.o(i.OLED_ShowImage)
    OLED_ShowString                          0x08003bc1   Thumb Code   442  oled.o(i.OLED_ShowString)
    OLED_Update                              0x08003d85   Thumb Code    36  oled.o(i.OLED_Update)
    OLED_UpdateArea                          0x08003dad   Thumb Code   120  oled.o(i.OLED_UpdateArea)
    OLED_W_SCL                               0x08003e29   Thumb Code    18  oled.o(i.OLED_W_SCL)
    OLED_W_SDA                               0x08003e41   Thumb Code    18  oled.o(i.OLED_W_SDA)
    OLED_WriteCommand                        0x08003e59   Thumb Code    32  oled.o(i.OLED_WriteCommand)
    OLED_WriteData                           0x08003e79   Thumb Code    46  oled.o(i.OLED_WriteData)
    PWM_Init                                 0x08003ea9   Thumb Code   138  pwm.o(i.PWM_Init)
    PWM_SetCompare3                          0x08003f3d   Thumb Code    14  pwm.o(i.PWM_SetCompare3)
    PWR_BackupAccessCmd                      0x08003f51   Thumb Code     6  stm32f10x_pwr.o(i.PWR_BackupAccessCmd)
    PendSV_Handler                           0x08003f5d   Thumb Code     2  stm32f10x_it.o(i.PendSV_Handler)
    RCC_APB1PeriphClockCmd                   0x08003f61   Thumb Code    26  stm32f10x_rcc.o(i.RCC_APB1PeriphClockCmd)
    RCC_APB2PeriphClockCmd                   0x08003f81   Thumb Code    26  stm32f10x_rcc.o(i.RCC_APB2PeriphClockCmd)
    RCC_GetFlagStatus                        0x08003fa1   Thumb Code    56  stm32f10x_rcc.o(i.RCC_GetFlagStatus)
    RCC_LSEConfig                            0x08003fdd   Thumb Code    46  stm32f10x_rcc.o(i.RCC_LSEConfig)
    RCC_RTCCLKCmd                            0x08004011   Thumb Code     6  stm32f10x_rcc.o(i.RCC_RTCCLKCmd)
    RCC_RTCCLKConfig                         0x0800401d   Thumb Code    12  stm32f10x_rcc.o(i.RCC_RTCCLKConfig)
    RTCAlarm_IRQHandler                      0x0800402d   Thumb Code    44  main.o(i.RTCAlarm_IRQHandler)
    RTC_ClearFlag                            0x0800405d   Thumb Code    12  stm32f10x_rtc.o(i.RTC_ClearFlag)
    RTC_ClearITPendingBit                    0x0800406d   Thumb Code    12  stm32f10x_rtc.o(i.RTC_ClearITPendingBit)
    RTC_EnterConfigMode                      0x0800407d   Thumb Code    14  stm32f10x_rtc.o(i.RTC_EnterConfigMode)
    RTC_ExitConfigMode                       0x08004091   Thumb Code    16  stm32f10x_rtc.o(i.RTC_ExitConfigMode)
    RTC_GetCounter                           0x080040a5   Thumb Code    16  stm32f10x_rtc.o(i.RTC_GetCounter)
    RTC_GetFlagStatus                        0x080040b9   Thumb Code    20  stm32f10x_rtc.o(i.RTC_GetFlagStatus)
    RTC_GetITStatus                          0x080040d1   Thumb Code    32  stm32f10x_rtc.o(i.RTC_GetITStatus)
    RTC_ITConfig                             0x080040f5   Thumb Code    26  stm32f10x_rtc.o(i.RTC_ITConfig)
    RTC_SetAlarm                             0x08004115   Thumb Code    24  stm32f10x_rtc.o(i.RTC_SetAlarm)
    RTC_SetCounter                           0x08004131   Thumb Code    24  stm32f10x_rtc.o(i.RTC_SetCounter)
    RTC_SetPrescaler                         0x0800414d   Thumb Code    26  stm32f10x_rtc.o(i.RTC_SetPrescaler)
    RTC_WaitForLastTask                      0x0800416d   Thumb Code    16  stm32f10x_rtc.o(i.RTC_WaitForLastTask)
    RTC_WaitForSynchro                       0x08004181   Thumb Code    30  stm32f10x_rtc.o(i.RTC_WaitForSynchro)
    SVC_Handler                              0x080041a5   Thumb Code     2  stm32f10x_it.o(i.SVC_Handler)
    Servo_Init                               0x080041a7   Thumb Code     8  servo.o(i.Servo_Init)
    Servo_SetAngle                           0x080041b1   Thumb Code    48  servo.o(i.Servo_SetAngle)
    SysTick_Handler                          0x080042d5   Thumb Code     2  stm32f10x_it.o(i.SysTick_Handler)
    SystemInit                               0x080042d9   Thumb Code    78  system_stm32f10x.o(i.SystemInit)
    TIM2_IRQHandler                          0x08004339   Thumb Code    32  main.o(i.TIM2_IRQHandler)
    TIM_ClearFlag                            0x08004359   Thumb Code     6  stm32f10x_tim.o(i.TIM_ClearFlag)
    TIM_ClearITPendingBit                    0x0800435f   Thumb Code     6  stm32f10x_tim.o(i.TIM_ClearITPendingBit)
    TIM_Cmd                                  0x08004365   Thumb Code    24  stm32f10x_tim.o(i.TIM_Cmd)
    TIM_GetITStatus                          0x0800437d   Thumb Code    34  stm32f10x_tim.o(i.TIM_GetITStatus)
    TIM_ITConfig                             0x0800439f   Thumb Code    18  stm32f10x_tim.o(i.TIM_ITConfig)
    TIM_InternalClockConfig                  0x080043b1   Thumb Code    12  stm32f10x_tim.o(i.TIM_InternalClockConfig)
    TIM_OC1Init                              0x080043bd   Thumb Code   132  stm32f10x_tim.o(i.TIM_OC1Init)
    TIM_OC2Init                              0x08004455   Thumb Code   154  stm32f10x_tim.o(i.TIM_OC2Init)
    TIM_OCStructInit                         0x080044f9   Thumb Code    20  stm32f10x_tim.o(i.TIM_OCStructInit)
    TIM_SetCompare1                          0x0800450d   Thumb Code     4  stm32f10x_tim.o(i.TIM_SetCompare1)
    TIM_SetCompare2                          0x08004511   Thumb Code     4  stm32f10x_tim.o(i.TIM_SetCompare2)
    TIM_TimeBaseInit                         0x08004515   Thumb Code   122  stm32f10x_tim.o(i.TIM_TimeBaseInit)
    Timer_Init                               0x080045b9   Thumb Code   122  timer.o(i.Timer_Init)
    UsageFault_Handler                       0x08004633   Thumb Code     4  stm32f10x_it.o(i.UsageFault_Handler)
    __ARM_fpclassify                         0x08004637   Thumb Code    40  fpclassify.o(i.__ARM_fpclassify)
    _is_digit                                0x0800465f   Thumb Code    14  __printf_wp.o(i._is_digit)
    appointment                              0x0800466d   Thumb Code   292  main.o(i.appointment)
    main                                     0x080047ed   Thumb Code    40  main.o(i.main)
    run                                      0x08004815   Thumb Code  2700  main.o(i.run)
    _get_lc_numeric                          0x080052e5   Thumb Code    44  lc_numeric_c.o(locale$$code)
    _get_lc_ctype                            0x08005311   Thumb Code    44  lc_ctype_c.o(locale$$code)
    __aeabi_fadd                             0x0800533d   Thumb Code     0  faddsub_clz.o(x$fpl$fadd)
    _fadd                                    0x0800533d   Thumb Code   196  faddsub_clz.o(x$fpl$fadd)
    __aeabi_fdiv                             0x08005401   Thumb Code     0  fdiv.o(x$fpl$fdiv)
    _fdiv                                    0x08005401   Thumb Code   384  fdiv.o(x$fpl$fdiv)
    __aeabi_f2uiz                            0x08005585   Thumb Code     0  ffixu.o(x$fpl$ffixu)
    _ffixu                                   0x08005585   Thumb Code    62  ffixu.o(x$fpl$ffixu)
    __aeabi_fmul                             0x080055c5   Thumb Code     0  fmul.o(x$fpl$fmul)
    _fmul                                    0x080055c5   Thumb Code   258  fmul.o(x$fpl$fmul)
    __fpl_fnaninf                            0x080056c7   Thumb Code   140  fnaninf.o(x$fpl$fnaninf)
    __fpl_fretinf                            0x08005753   Thumb Code    10  fretinf.o(x$fpl$fretinf)
    __aeabi_fsub                             0x0800575d   Thumb Code     0  faddsub_clz.o(x$fpl$fsub)
    _fsub                                    0x0800575d   Thumb Code   234  faddsub_clz.o(x$fpl$fsub)
    _printf_fp_dec                           0x08005847   Thumb Code     4  printf1.o(x$fpl$printf1)
    _printf_fp_hex                           0x0800584b   Thumb Code     4  printf2.o(x$fpl$printf2)
    OLED_F8x16                               0x0800584e   Data        1520  oled_data.o(.constdata)
    __I$use$fp                               0x0800584e   Number         0  usenofp.o(x$fpl$usenofp)
    OLED_F6x8                                0x08005e3e   Data         570  oled_data.o(.constdata)
    OLED_CF16x16                             0x08006078   Data        2405  oled_data.o(.constdata)
    Diode                                    0x080069dd   Data          32  oled_data.o(.constdata)
    Cursot                                   0x080069fd   Data          32  oled_data.o(.constdata)
    _monlen                                  0x08006a60   Data          12  _monlen.o(.constdata)
    Region$$Table$$Base                      0x08006b28   Number         0  anon$$obj.o(Region$$Table)
    Region$$Table$$Limit                     0x08006b48   Number         0  anon$$obj.o(Region$$Table)
    __ctype                                  0x08006b71   Data           0  lc_ctype_c.o(locale$$data)
    MyRTC_Time                               0x20000000   Data          12  myrtc.o(.data)
    Key_Flag                                 0x2000000c   Data           4  key.o(.data)
    Dish                                     0x20000026   Data           1  apt.o(.data)
    Key_Num                                  0x20000027   Data           1  apt.o(.data)
    Dish_Num                                 0x20000028   Data           1  apt.o(.data)
    w                                        0x20000029   Data           1  apt.o(.data)
    i                                        0x2000002a   Data           1  apt.o(.data)
    COUNT_Flag                               0x2000002b   Data           1  countsensor.o(.data)
    WM_FSM                                   0x2000002f   Data           8  main.o(.data)
    Apt_MENU                                 0x20000037   Data         350  main.o(.data)
    Apt_make                                 0x20000195   Data         250  main.o(.data)
    OLED_DisplayBuf                          0x20000290   Data        1024  oled.o(.bss)
    __libspace_start                         0x20000690   Data          96  libspace.o(.bss)
    __temporary_stack_top$libspace           0x200006f0   Data           0  libspace.o(.bss)



==============================================================================

Memory Map of the image

  Image Entry point : 0x080000ed

  Load Region LR_IROM1 (Base: 0x08000000, Size: 0x00006f04, Max: 0x00010000, ABSOLUTE, COMPRESSED[0x00006d04])

    Execution Region ER_IROM1 (Exec base: 0x08000000, Load base: 0x08000000, Size: 0x00006c74, Max: 0x00010000, ABSOLUTE)

    Exec Addr    Load Addr    Size         Type   Attr      Idx    E Section Name        Object

    0x08000000   0x08000000   0x000000ec   Data   RO            3    RESET               startup_stm32f10x_md.o
    0x080000ec   0x080000ec   0x00000008   Code   RO         4101  * !!!main             c_w.l(__main.o)
    0x080000f4   0x080000f4   0x00000034   Code   RO         4519    !!!scatter          c_w.l(__scatter.o)
    0x08000128   0x08000128   0x0000005a   Code   RO         4517    !!dczerorl2         c_w.l(__dczerorl2.o)
    0x08000182   0x08000182   0x00000002   PAD
    0x08000184   0x08000184   0x0000001c   Code   RO         4521    !!handler_zi        c_w.l(__scatter_zi.o)
    0x080001a0   0x080001a0   0x00000000   Code   RO         4092    .ARM.Collect$$_printf_percent$$00000000  c_w.l(_printf_percent.o)
    0x080001a0   0x080001a0   0x00000006   Code   RO         4220    .ARM.Collect$$_printf_percent$$00000001  c_w.l(_printf_n.o)
    0x080001a6   0x080001a6   0x00000006   Code   RO         4222    .ARM.Collect$$_printf_percent$$00000002  c_w.l(_printf_p.o)
    0x080001ac   0x080001ac   0x00000006   Code   RO         4226    .ARM.Collect$$_printf_percent$$00000003  c_w.l(_printf_f.o)
    0x080001b2   0x080001b2   0x00000006   Code   RO         4227    .ARM.Collect$$_printf_percent$$00000004  c_w.l(_printf_e.o)
    0x080001b8   0x080001b8   0x00000006   Code   RO         4228    .ARM.Collect$$_printf_percent$$00000005  c_w.l(_printf_g.o)
    0x080001be   0x080001be   0x00000006   Code   RO         4229    .ARM.Collect$$_printf_percent$$00000006  c_w.l(_printf_a.o)
    0x080001c4   0x080001c4   0x0000000a   Code   RO         4234    .ARM.Collect$$_printf_percent$$00000007  c_w.l(_printf_ll.o)
    0x080001ce   0x080001ce   0x00000006   Code   RO         4224    .ARM.Collect$$_printf_percent$$00000008  c_w.l(_printf_i.o)
    0x080001d4   0x080001d4   0x00000006   Code   RO         4091    .ARM.Collect$$_printf_percent$$00000009  c_w.l(_printf_d.o)
    0x080001da   0x080001da   0x00000006   Code   RO         4225    .ARM.Collect$$_printf_percent$$0000000A  c_w.l(_printf_u.o)
    0x080001e0   0x080001e0   0x00000006   Code   RO         4223    .ARM.Collect$$_printf_percent$$0000000B  c_w.l(_printf_o.o)
    0x080001e6   0x080001e6   0x00000006   Code   RO         4221    .ARM.Collect$$_printf_percent$$0000000C  c_w.l(_printf_x.o)
    0x080001ec   0x080001ec   0x00000006   Code   RO         4231    .ARM.Collect$$_printf_percent$$0000000D  c_w.l(_printf_lli.o)
    0x080001f2   0x080001f2   0x00000006   Code   RO         4232    .ARM.Collect$$_printf_percent$$0000000E  c_w.l(_printf_lld.o)
    0x080001f8   0x080001f8   0x00000006   Code   RO         4233    .ARM.Collect$$_printf_percent$$0000000F  c_w.l(_printf_llu.o)
    0x080001fe   0x080001fe   0x00000006   Code   RO         4238    .ARM.Collect$$_printf_percent$$00000010  c_w.l(_printf_llo.o)
    0x08000204   0x08000204   0x00000006   Code   RO         4239    .ARM.Collect$$_printf_percent$$00000011  c_w.l(_printf_llx.o)
    0x0800020a   0x0800020a   0x0000000a   Code   RO         4235    .ARM.Collect$$_printf_percent$$00000012  c_w.l(_printf_l.o)
    0x08000214   0x08000214   0x00000006   Code   RO         4218    .ARM.Collect$$_printf_percent$$00000013  c_w.l(_printf_c.o)
    0x0800021a   0x0800021a   0x00000006   Code   RO         4219    .ARM.Collect$$_printf_percent$$00000014  c_w.l(_printf_s.o)
    0x08000220   0x08000220   0x00000006   Code   RO         4236    .ARM.Collect$$_printf_percent$$00000015  c_w.l(_printf_lc.o)
    0x08000226   0x08000226   0x00000006   Code   RO         4237    .ARM.Collect$$_printf_percent$$00000016  c_w.l(_printf_ls.o)
    0x0800022c   0x0800022c   0x00000004   Code   RO         4230    .ARM.Collect$$_printf_percent$$00000017  c_w.l(_printf_percent_end.o)
    0x08000230   0x08000230   0x00000002   Code   RO         4379    .ARM.Collect$$libinit$$00000000  c_w.l(libinit.o)
    0x08000232   0x08000232   0x00000000   Code   RO         4390    .ARM.Collect$$libinit$$00000002  c_w.l(libinit2.o)
    0x08000232   0x08000232   0x00000000   Code   RO         4392    .ARM.Collect$$libinit$$00000004  c_w.l(libinit2.o)
    0x08000232   0x08000232   0x00000000   Code   RO         4395    .ARM.Collect$$libinit$$0000000A  c_w.l(libinit2.o)
    0x08000232   0x08000232   0x00000000   Code   RO         4397    .ARM.Collect$$libinit$$0000000C  c_w.l(libinit2.o)
    0x08000232   0x08000232   0x00000000   Code   RO         4399    .ARM.Collect$$libinit$$0000000E  c_w.l(libinit2.o)
    0x08000232   0x08000232   0x00000006   Code   RO         4400    .ARM.Collect$$libinit$$0000000F  c_w.l(libinit2.o)
    0x08000238   0x08000238   0x00000000   Code   RO         4402    .ARM.Collect$$libinit$$00000011  c_w.l(libinit2.o)
    0x08000238   0x08000238   0x0000000c   Code   RO         4403    .ARM.Collect$$libinit$$00000012  c_w.l(libinit2.o)
    0x08000244   0x08000244   0x00000000   Code   RO         4404    .ARM.Collect$$libinit$$00000013  c_w.l(libinit2.o)
    0x08000244   0x08000244   0x00000000   Code   RO         4406    .ARM.Collect$$libinit$$00000015  c_w.l(libinit2.o)
    0x08000244   0x08000244   0x0000000a   Code   RO         4407    .ARM.Collect$$libinit$$00000016  c_w.l(libinit2.o)
    0x0800024e   0x0800024e   0x00000000   Code   RO         4408    .ARM.Collect$$libinit$$00000017  c_w.l(libinit2.o)
    0x0800024e   0x0800024e   0x00000000   Code   RO         4410    .ARM.Collect$$libinit$$00000019  c_w.l(libinit2.o)
    0x0800024e   0x0800024e   0x00000000   Code   RO         4412    .ARM.Collect$$libinit$$0000001B  c_w.l(libinit2.o)
    0x0800024e   0x0800024e   0x00000000   Code   RO         4414    .ARM.Collect$$libinit$$0000001D  c_w.l(libinit2.o)
    0x0800024e   0x0800024e   0x00000000   Code   RO         4416    .ARM.Collect$$libinit$$0000001F  c_w.l(libinit2.o)
    0x0800024e   0x0800024e   0x00000000   Code   RO         4418    .ARM.Collect$$libinit$$00000021  c_w.l(libinit2.o)
    0x0800024e   0x0800024e   0x00000000   Code   RO         4420    .ARM.Collect$$libinit$$00000023  c_w.l(libinit2.o)
    0x0800024e   0x0800024e   0x00000000   Code   RO         4422    .ARM.Collect$$libinit$$00000025  c_w.l(libinit2.o)
    0x0800024e   0x0800024e   0x00000000   Code   RO         4426    .ARM.Collect$$libinit$$0000002C  c_w.l(libinit2.o)
    0x0800024e   0x0800024e   0x00000000   Code   RO         4428    .ARM.Collect$$libinit$$0000002E  c_w.l(libinit2.o)
    0x0800024e   0x0800024e   0x00000000   Code   RO         4430    .ARM.Collect$$libinit$$00000030  c_w.l(libinit2.o)
    0x0800024e   0x0800024e   0x00000000   Code   RO         4432    .ARM.Collect$$libinit$$00000032  c_w.l(libinit2.o)
    0x0800024e   0x0800024e   0x00000002   Code   RO         4433    .ARM.Collect$$libinit$$00000033  c_w.l(libinit2.o)
    0x08000250   0x08000250   0x00000002   Code   RO         4457    .ARM.Collect$$libshutdown$$00000000  c_w.l(libshutdown.o)
    0x08000252   0x08000252   0x00000000   Code   RO         4470    .ARM.Collect$$libshutdown$$00000002  c_w.l(libshutdown2.o)
    0x08000252   0x08000252   0x00000000   Code   RO         4472    .ARM.Collect$$libshutdown$$00000004  c_w.l(libshutdown2.o)
    0x08000252   0x08000252   0x00000000   Code   RO         4475    .ARM.Collect$$libshutdown$$00000007  c_w.l(libshutdown2.o)
    0x08000252   0x08000252   0x00000000   Code   RO         4478    .ARM.Collect$$libshutdown$$0000000A  c_w.l(libshutdown2.o)
    0x08000252   0x08000252   0x00000000   Code   RO         4480    .ARM.Collect$$libshutdown$$0000000C  c_w.l(libshutdown2.o)
    0x08000252   0x08000252   0x00000000   Code   RO         4483    .ARM.Collect$$libshutdown$$0000000F  c_w.l(libshutdown2.o)
    0x08000252   0x08000252   0x00000002   Code   RO         4484    .ARM.Collect$$libshutdown$$00000010  c_w.l(libshutdown2.o)
    0x08000254   0x08000254   0x00000000   Code   RO         4169    .ARM.Collect$$rtentry$$00000000  c_w.l(__rtentry.o)
    0x08000254   0x08000254   0x00000000   Code   RO         4290    .ARM.Collect$$rtentry$$00000002  c_w.l(__rtentry2.o)
    0x08000254   0x08000254   0x00000006   Code   RO         4302    .ARM.Collect$$rtentry$$00000004  c_w.l(__rtentry4.o)
    0x0800025a   0x0800025a   0x00000000   Code   RO         4292    .ARM.Collect$$rtentry$$00000009  c_w.l(__rtentry2.o)
    0x0800025a   0x0800025a   0x00000004   Code   RO         4293    .ARM.Collect$$rtentry$$0000000A  c_w.l(__rtentry2.o)
    0x0800025e   0x0800025e   0x00000000   Code   RO         4295    .ARM.Collect$$rtentry$$0000000C  c_w.l(__rtentry2.o)
    0x0800025e   0x0800025e   0x00000008   Code   RO         4296    .ARM.Collect$$rtentry$$0000000D  c_w.l(__rtentry2.o)
    0x08000266   0x08000266   0x00000002   Code   RO         4384    .ARM.Collect$$rtexit$$00000000  c_w.l(rtexit.o)
    0x08000268   0x08000268   0x00000000   Code   RO         4437    .ARM.Collect$$rtexit$$00000002  c_w.l(rtexit2.o)
    0x08000268   0x08000268   0x00000004   Code   RO         4438    .ARM.Collect$$rtexit$$00000003  c_w.l(rtexit2.o)
    0x0800026c   0x0800026c   0x00000006   Code   RO         4439    .ARM.Collect$$rtexit$$00000004  c_w.l(rtexit2.o)
    0x08000272   0x08000272   0x00000002   PAD
    0x08000274   0x08000274   0x00000040   Code   RO            4    .text               startup_stm32f10x_md.o
    0x080002b4   0x080002b4   0x00000024   Code   RO         4061    .text               c_w.l(vsprintf.o)
    0x080002d8   0x080002d8   0x0000002c   Code   RO         4063    .text               c_w.l(__2sprintf.o)
    0x08000304   0x08000304   0x00000078   Code   RO         4069    .text               c_w.l(_printf_dec.o)
    0x0800037c   0x0800037c   0x00000188   Code   RO         4088    .text               c_w.l(__printf_flags_ss_wp.o)
    0x08000504   0x08000504   0x00000048   Code   RO         4093    .text               c_w.l(strcpy.o)
    0x0800054c   0x0800054c   0x00000080   Code   RO         4095    .text               c_w.l(strcmpv7m.o)
    0x080005cc   0x080005cc   0x000001ac   Code   RO         4097    .text               c_w.l(mktime.o)
    0x08000778   0x08000778   0x00000006   Code   RO         4099    .text               c_w.l(heapauxi.o)
    0x0800077e   0x0800077e   0x0000004e   Code   RO         4172    .text               c_w.l(_printf_pad.o)
    0x080007cc   0x080007cc   0x00000024   Code   RO         4174    .text               c_w.l(_printf_truncate.o)
    0x080007f0   0x080007f0   0x00000052   Code   RO         4176    .text               c_w.l(_printf_str.o)
    0x08000842   0x08000842   0x000000b2   Code   RO         4178    .text               c_w.l(_printf_intcommon.o)
    0x080008f4   0x080008f4   0x00000028   Code   RO         4180    .text               c_w.l(_printf_charcount.o)
    0x0800091c   0x0800091c   0x00000030   Code   RO         4182    .text               c_w.l(_printf_char_common.o)
    0x0800094c   0x0800094c   0x0000000a   Code   RO         4184    .text               c_w.l(_sputc.o)
    0x08000956   0x08000956   0x00000002   PAD
    0x08000958   0x08000958   0x000000bc   Code   RO         4186    .text               c_w.l(_printf_wctomb.o)
    0x08000a14   0x08000a14   0x0000007c   Code   RO         4189    .text               c_w.l(_printf_longlong_dec.o)
    0x08000a90   0x08000a90   0x00000070   Code   RO         4195    .text               c_w.l(_printf_oct_int_ll.o)
    0x08000b00   0x08000b00   0x00000094   Code   RO         4215    .text               c_w.l(_printf_hex_int_ll_ptr.o)
    0x08000b94   0x08000b94   0x0000008a   Code   RO         4309    .text               c_w.l(lludiv10.o)
    0x08000c1e   0x08000c1e   0x0000041e   Code   RO         4311    .text               c_w.l(_printf_fp_dec.o)
    0x0800103c   0x0800103c   0x000002fc   Code   RO         4313    .text               c_w.l(_printf_fp_hex.o)
    0x08001338   0x08001338   0x0000002c   Code   RO         4318    .text               c_w.l(_printf_char.o)
    0x08001364   0x08001364   0x0000002c   Code   RO         4320    .text               c_w.l(_printf_wchar.o)
    0x08001390   0x08001390   0x00000040   Code   RO         4322    .text               c_w.l(_wcrtomb.o)
    0x080013d0   0x080013d0   0x00000008   Code   RO         4330    .text               c_w.l(libspace.o)
    0x080013d8   0x080013d8   0x0000004a   Code   RO         4333    .text               c_w.l(sys_stackheap_outer.o)
    0x08001422   0x08001422   0x00000002   PAD
    0x08001424   0x08001424   0x00000010   Code   RO         4335    .text               c_w.l(rt_ctype_table.o)
    0x08001434   0x08001434   0x00000008   Code   RO         4340    .text               c_w.l(rt_locale_intlibspace.o)
    0x0800143c   0x0800143c   0x00000080   Code   RO         4342    .text               c_w.l(_printf_fp_infnan.o)
    0x080014bc   0x080014bc   0x000000e4   Code   RO         4344    .text               c_w.l(bigflt0.o)
    0x080015a0   0x080015a0   0x00000012   Code   RO         4372    .text               c_w.l(exit.o)
    0x080015b2   0x080015b2   0x00000002   PAD
    0x080015b4   0x080015b4   0x0000000c   Code   RO         4449    .text               c_w.l(sys_exit.o)
    0x080015c0   0x080015c0   0x00000002   Code   RO         4460    .text               c_w.l(use_no_semi.o)
    0x080015c2   0x080015c2   0x00000000   Code   RO         4462    .text               c_w.l(indicate_semi.o)
    0x080015c2   0x080015c2   0x0000003e   Code   RO         4347    CL$$btod_d2e        c_w.l(btod.o)
    0x08001600   0x08001600   0x00000046   Code   RO         4349    CL$$btod_d2e_denorm_low  c_w.l(btod.o)
    0x08001646   0x08001646   0x00000060   Code   RO         4348    CL$$btod_d2e_norm_op1  c_w.l(btod.o)
    0x080016a6   0x080016a6   0x00000338   Code   RO         4357    CL$$btod_div_common  c_w.l(btod.o)
    0x080019de   0x080019de   0x000000dc   Code   RO         4354    CL$$btod_e2e        c_w.l(btod.o)
    0x08001aba   0x08001aba   0x0000002a   Code   RO         4351    CL$$btod_ediv       c_w.l(btod.o)
    0x08001ae4   0x08001ae4   0x0000002a   Code   RO         4350    CL$$btod_emul       c_w.l(btod.o)
    0x08001b0e   0x08001b0e   0x00000244   Code   RO         4356    CL$$btod_mult_common  c_w.l(btod.o)
    0x08001d52   0x08001d52   0x00000002   PAD
    0x08001d54   0x08001d54   0x00000734   Code   RO         3711    i.Apt_CFM           apt.o
    0x08002488   0x08002488   0x00000014   Code   RO         3712    i.Apt_Dish          apt.o
    0x0800249c   0x0800249c   0x0000001c   Code   RO          431    i.BKP_ReadBackupRegister  stm32f10x_bkp.o
    0x080024b8   0x080024b8   0x0000001c   Code   RO          435    i.BKP_WriteBackupRegister  stm32f10x_bkp.o
    0x080024d4   0x080024d4   0x00000004   Code   RO         3996    i.BusFault_Handler  stm32f10x_it.o
    0x080024d8   0x080024d8   0x00000034   Code   RO         3855    i.Buzzer_Init       buzzer.o
    0x0800250c   0x0800250c   0x00000024   Code   RO         3856    i.Buzzer_ON         buzzer.o
    0x08002530   0x08002530   0x00000024   Code   RO         3813    i.CountSensor_Check  countsensor.o
    0x08002554   0x08002554   0x0000001c   Code   RO         3814    i.CountSensor_GetState  countsensor.o
    0x08002570   0x08002570   0x0000002c   Code   RO         3815    i.CountSensor_Init  countsensor.o
    0x0800259c   0x0800259c   0x00000094   Code   RO         3816    i.CountSensor_Tick  countsensor.o
    0x08002630   0x08002630   0x00000014   Code   RO         3817    i.CountSensor_clearAllFlags  countsensor.o
    0x08002644   0x08002644   0x00000094   Code   RO         3774    i.DC_Init           dc.o
    0x080026d8   0x080026d8   0x00000014   Code   RO         3775    i.DC_SetCompare2    dc.o
    0x080026ec   0x080026ec   0x00000002   Code   RO         3997    i.DebugMon_Handler  stm32f10x_it.o
    0x080026ee   0x080026ee   0x00000018   Code   RO         3196    i.Delay_ms          delay.o
    0x08002706   0x08002706   0x0000002e   Code   RO         3198    i.Delay_us          delay.o
    0x08002734   0x08002734   0x00000060   Code   RO         3873    i.EXTI9_5_IRQHandler  encoder.o
    0x08002794   0x08002794   0x0000000c   Code   RO          985    i.EXTI_ClearITPendingBit  stm32f10x_exti.o
    0x080027a0   0x080027a0   0x00000028   Code   RO          989    i.EXTI_GetITStatus  stm32f10x_exti.o
    0x080027c8   0x080027c8   0x00000094   Code   RO          990    i.EXTI_Init         stm32f10x_exti.o
    0x0800285c   0x0800285c   0x00000022   Code   RO         3874    i.Encoder_Continue  encoder.o
    0x0800287e   0x0800287e   0x00000002   PAD
    0x08002880   0x08002880   0x000000c0   Code   RO         3875    i.Encoder_Init      encoder.o
    0x08002940   0x08002940   0x00000020   Code   RO         3876    i.Encoder_Stop      encoder.o
    0x08002960   0x08002960   0x00000040   Code   RO         1344    i.GPIO_EXTILineConfig  stm32f10x_gpio.o
    0x080029a0   0x080029a0   0x00000116   Code   RO         1347    i.GPIO_Init         stm32f10x_gpio.o
    0x08002ab6   0x08002ab6   0x00000012   Code   RO         1351    i.GPIO_ReadInputDataBit  stm32f10x_gpio.o
    0x08002ac8   0x08002ac8   0x00000012   Code   RO         1353    i.GPIO_ReadOutputDataBit  stm32f10x_gpio.o
    0x08002ada   0x08002ada   0x00000004   Code   RO         1354    i.GPIO_ResetBits    stm32f10x_gpio.o
    0x08002ade   0x08002ade   0x00000004   Code   RO         1355    i.GPIO_SetBits      stm32f10x_gpio.o
    0x08002ae2   0x08002ae2   0x0000000a   Code   RO         1358    i.GPIO_WriteBit     stm32f10x_gpio.o
    0x08002aec   0x08002aec   0x00000004   Code   RO         3998    i.HardFault_Handler  stm32f10x_it.o
    0x08002af0   0x08002af0   0x00000024   Code   RO         3256    i.Key_Check         key.o
    0x08002b14   0x08002b14   0x00000054   Code   RO         3257    i.Key_GetState      key.o
    0x08002b68   0x08002b68   0x00000048   Code   RO         3258    i.Key_Init          key.o
    0x08002bb0   0x08002bb0   0x000002b0   Code   RO         3259    i.Key_Tick          key.o
    0x08002e60   0x08002e60   0x00000020   Code   RO         3260    i.Key_clearAllFlags  key.o
    0x08002e80   0x08002e80   0x00000010   Code   RO         3298    i.LED1_OFF          led.o
    0x08002e90   0x08002e90   0x00000010   Code   RO         3299    i.LED1_ON           led.o
    0x08002ea0   0x08002ea0   0x00000024   Code   RO         3303    i.LED2_Turn         led.o
    0x08002ec4   0x08002ec4   0x00000010   Code   RO         3304    i.LED3_OFF          led.o
    0x08002ed4   0x08002ed4   0x00000010   Code   RO         3305    i.LED3_ON           led.o
    0x08002ee4   0x08002ee4   0x00000010   Code   RO         3306    i.LED4_OFF          led.o
    0x08002ef4   0x08002ef4   0x00000010   Code   RO         3307    i.LED4_ON           led.o
    0x08002f04   0x08002f04   0x00000034   Code   RO         3308    i.LED_Init          led.o
    0x08002f38   0x08002f38   0x00000680   Code   RO         3906    i.MENU              main.o
    0x080035b8   0x080035b8   0x00000004   Code   RO         3999    i.MemManage_Handler  stm32f10x_it.o
    0x080035bc   0x080035bc   0x00000030   Code   RO         3753    i.Motor_Init        motor.o
    0x080035ec   0x080035ec   0x00000040   Code   RO         3754    i.Motor_SetSpeed    motor.o
    0x0800362c   0x0800362c   0x000000fc   Code   RO         3232    i.MyRTC_Init        myrtc.o
    0x08003728   0x08003728   0x00000048   Code   RO         3233    i.MyRTC_SetTime     myrtc.o
    0x08003770   0x08003770   0x00000002   Code   RO         4000    i.NMI_Handler       stm32f10x_it.o
    0x08003772   0x08003772   0x00000002   PAD
    0x08003774   0x08003774   0x00000070   Code   RO          137    i.NVIC_Init         misc.o
    0x080037e4   0x080037e4   0x00000014   Code   RO          138    i.NVIC_PriorityGroupConfig  misc.o
    0x080037f8   0x080037f8   0x00000028   Code   RO         3453    i.OLED_Clear        oled.o
    0x08003820   0x08003820   0x00000090   Code   RO         3454    i.OLED_ClearArea    oled.o
    0x080038b0   0x080038b0   0x00000060   Code   RO         3462    i.OLED_GPIO_Init    oled.o
    0x08003910   0x08003910   0x0000003e   Code   RO         3464    i.OLED_I2C_SendByte  oled.o
    0x0800394e   0x0800394e   0x0000001c   Code   RO         3465    i.OLED_I2C_Start    oled.o
    0x0800396a   0x0800396a   0x00000016   Code   RO         3466    i.OLED_I2C_Stop     oled.o
    0x08003980   0x08003980   0x0000009a   Code   RO         3467    i.OLED_Init         oled.o
    0x08003a1a   0x08003a1a   0x00000032   Code   RO         3470    i.OLED_Printf       oled.o
    0x08003a4c   0x08003a4c   0x00000022   Code   RO         3473    i.OLED_SetCursor    oled.o
    0x08003a6e   0x08003a6e   0x00000002   PAD
    0x08003a70   0x08003a70   0x00000054   Code   RO         3475    i.OLED_ShowChar     oled.o
    0x08003ac4   0x08003ac4   0x000000fc   Code   RO         3478    i.OLED_ShowImage    oled.o
    0x08003bc0   0x08003bc0   0x000001c4   Code   RO         3481    i.OLED_ShowString   oled.o
    0x08003d84   0x08003d84   0x00000028   Code   RO         3482    i.OLED_Update       oled.o
    0x08003dac   0x08003dac   0x0000007c   Code   RO         3483    i.OLED_UpdateArea   oled.o
    0x08003e28   0x08003e28   0x00000018   Code   RO         3484    i.OLED_W_SCL        oled.o
    0x08003e40   0x08003e40   0x00000018   Code   RO         3485    i.OLED_W_SDA        oled.o
    0x08003e58   0x08003e58   0x00000020   Code   RO         3486    i.OLED_WriteCommand  oled.o
    0x08003e78   0x08003e78   0x0000002e   Code   RO         3487    i.OLED_WriteData    oled.o
    0x08003ea6   0x08003ea6   0x00000002   PAD
    0x08003ea8   0x08003ea8   0x00000094   Code   RO         3735    i.PWM_Init          pwm.o
    0x08003f3c   0x08003f3c   0x00000014   Code   RO         3736    i.PWM_SetCompare3   pwm.o
    0x08003f50   0x08003f50   0x0000000c   Code   RO         1710    i.PWR_BackupAccessCmd  stm32f10x_pwr.o
    0x08003f5c   0x08003f5c   0x00000002   Code   RO         4001    i.PendSV_Handler    stm32f10x_it.o
    0x08003f5e   0x08003f5e   0x00000002   PAD
    0x08003f60   0x08003f60   0x00000020   Code   RO         1775    i.RCC_APB1PeriphClockCmd  stm32f10x_rcc.o
    0x08003f80   0x08003f80   0x00000020   Code   RO         1777    i.RCC_APB2PeriphClockCmd  stm32f10x_rcc.o
    0x08003fa0   0x08003fa0   0x0000003c   Code   RO         1786    i.RCC_GetFlagStatus  stm32f10x_rcc.o
    0x08003fdc   0x08003fdc   0x00000034   Code   RO         1793    i.RCC_LSEConfig     stm32f10x_rcc.o
    0x08004010   0x08004010   0x0000000c   Code   RO         1800    i.RCC_RTCCLKCmd     stm32f10x_rcc.o
    0x0800401c   0x0800401c   0x00000010   Code   RO         1801    i.RCC_RTCCLKConfig  stm32f10x_rcc.o
    0x0800402c   0x0800402c   0x00000030   Code   RO         3907    i.RTCAlarm_IRQHandler  main.o
    0x0800405c   0x0800405c   0x00000010   Code   RO         1976    i.RTC_ClearFlag     stm32f10x_rtc.o
    0x0800406c   0x0800406c   0x00000010   Code   RO         1977    i.RTC_ClearITPendingBit  stm32f10x_rtc.o
    0x0800407c   0x0800407c   0x00000014   Code   RO         1978    i.RTC_EnterConfigMode  stm32f10x_rtc.o
    0x08004090   0x08004090   0x00000014   Code   RO         1979    i.RTC_ExitConfigMode  stm32f10x_rtc.o
    0x080040a4   0x080040a4   0x00000014   Code   RO         1980    i.RTC_GetCounter    stm32f10x_rtc.o
    0x080040b8   0x080040b8   0x00000018   Code   RO         1982    i.RTC_GetFlagStatus  stm32f10x_rtc.o
    0x080040d0   0x080040d0   0x00000024   Code   RO         1983    i.RTC_GetITStatus   stm32f10x_rtc.o
    0x080040f4   0x080040f4   0x00000020   Code   RO         1984    i.RTC_ITConfig      stm32f10x_rtc.o
    0x08004114   0x08004114   0x0000001c   Code   RO         1985    i.RTC_SetAlarm      stm32f10x_rtc.o
    0x08004130   0x08004130   0x0000001c   Code   RO         1986    i.RTC_SetCounter    stm32f10x_rtc.o
    0x0800414c   0x0800414c   0x00000020   Code   RO         1987    i.RTC_SetPrescaler  stm32f10x_rtc.o
    0x0800416c   0x0800416c   0x00000014   Code   RO         1988    i.RTC_WaitForLastTask  stm32f10x_rtc.o
    0x08004180   0x08004180   0x00000024   Code   RO         1989    i.RTC_WaitForSynchro  stm32f10x_rtc.o
    0x080041a4   0x080041a4   0x00000002   Code   RO         4002    i.SVC_Handler       stm32f10x_it.o
    0x080041a6   0x080041a6   0x00000008   Code   RO         3792    i.Servo_Init        servo.o
    0x080041ae   0x080041ae   0x00000002   PAD
    0x080041b0   0x080041b0   0x0000003c   Code   RO         3793    i.Servo_SetAngle    servo.o
    0x080041ec   0x080041ec   0x00000008   Code   RO           24    i.SetSysClock       system_stm32f10x.o
    0x080041f4   0x080041f4   0x000000e0   Code   RO           25    i.SetSysClockTo72   system_stm32f10x.o
    0x080042d4   0x080042d4   0x00000002   Code   RO         4003    i.SysTick_Handler   stm32f10x_it.o
    0x080042d6   0x080042d6   0x00000002   PAD
    0x080042d8   0x080042d8   0x00000060   Code   RO           27    i.SystemInit        system_stm32f10x.o
    0x08004338   0x08004338   0x00000020   Code   RO         3908    i.TIM2_IRQHandler   main.o
    0x08004358   0x08004358   0x00000006   Code   RO         2415    i.TIM_ClearFlag     stm32f10x_tim.o
    0x0800435e   0x0800435e   0x00000006   Code   RO         2416    i.TIM_ClearITPendingBit  stm32f10x_tim.o
    0x08004364   0x08004364   0x00000018   Code   RO         2421    i.TIM_Cmd           stm32f10x_tim.o
    0x0800437c   0x0800437c   0x00000022   Code   RO         2442    i.TIM_GetITStatus   stm32f10x_tim.o
    0x0800439e   0x0800439e   0x00000012   Code   RO         2446    i.TIM_ITConfig      stm32f10x_tim.o
    0x080043b0   0x080043b0   0x0000000c   Code   RO         2448    i.TIM_InternalClockConfig  stm32f10x_tim.o
    0x080043bc   0x080043bc   0x00000098   Code   RO         2450    i.TIM_OC1Init       stm32f10x_tim.o
    0x08004454   0x08004454   0x000000a4   Code   RO         2455    i.TIM_OC2Init       stm32f10x_tim.o
    0x080044f8   0x080044f8   0x00000014   Code   RO         2468    i.TIM_OCStructInit  stm32f10x_tim.o
    0x0800450c   0x0800450c   0x00000004   Code   RO         2482    i.TIM_SetCompare1   stm32f10x_tim.o
    0x08004510   0x08004510   0x00000004   Code   RO         2483    i.TIM_SetCompare2   stm32f10x_tim.o
    0x08004514   0x08004514   0x000000a4   Code   RO         2492    i.TIM_TimeBaseInit  stm32f10x_tim.o
    0x080045b8   0x080045b8   0x0000007a   Code   RO         3220    i.Timer_Init        timer.o
    0x08004632   0x08004632   0x00000004   Code   RO         4004    i.UsageFault_Handler  stm32f10x_it.o
    0x08004636   0x08004636   0x00000028   Code   RO         4326    i.__ARM_fpclassify  m_ws.l(fpclassify.o)
    0x0800465e   0x0800465e   0x0000000e   Code   RO         4081    i._is_digit         c_w.l(__printf_wp.o)
    0x0800466c   0x0800466c   0x00000180   Code   RO         3909    i.appointment       main.o
    0x080047ec   0x080047ec   0x00000028   Code   RO         3910    i.main              main.o
    0x08004814   0x08004814   0x00000ad0   Code   RO         3911    i.run               main.o
    0x080052e4   0x080052e4   0x0000002c   Code   RO         4370    locale$$code        c_w.l(lc_numeric_c.o)
    0x08005310   0x08005310   0x0000002c   Code   RO         4387    locale$$code        c_w.l(lc_ctype_c.o)
    0x0800533c   0x0800533c   0x000000c4   Code   RO         4135    x$fpl$fadd          fz_ws.l(faddsub_clz.o)
    0x08005400   0x08005400   0x00000184   Code   RO         4142    x$fpl$fdiv          fz_ws.l(fdiv.o)
    0x08005584   0x08005584   0x0000003e   Code   RO         4145    x$fpl$ffixu         fz_ws.l(ffixu.o)
    0x080055c2   0x080055c2   0x00000002   PAD
    0x080055c4   0x080055c4   0x00000102   Code   RO         4157    x$fpl$fmul          fz_ws.l(fmul.o)
    0x080056c6   0x080056c6   0x0000008c   Code   RO         4251    x$fpl$fnaninf       fz_ws.l(fnaninf.o)
    0x08005752   0x08005752   0x0000000a   Code   RO         4253    x$fpl$fretinf       fz_ws.l(fretinf.o)
    0x0800575c   0x0800575c   0x000000ea   Code   RO         4137    x$fpl$fsub          fz_ws.l(faddsub_clz.o)
    0x08005846   0x08005846   0x00000004   Code   RO         4255    x$fpl$printf1       fz_ws.l(printf1.o)
    0x0800584a   0x0800584a   0x00000004   Code   RO         4257    x$fpl$printf2       fz_ws.l(printf2.o)
    0x0800584e   0x0800584e   0x00000000   Code   RO         4263    x$fpl$usenofp       fz_ws.l(usenofp.o)
    0x0800584e   0x0800584e   0x000011cf   Data   RO         3699    .constdata          oled_data.o
    0x08006a1d   0x08006a1d   0x00000011   Data   RO         4089    .constdata          c_w.l(__printf_flags_ss_wp.o)
    0x08006a2e   0x08006a2e   0x00000002   PAD
    0x08006a30   0x08006a30   0x00000008   Data   RO         4187    .constdata          c_w.l(_printf_wctomb.o)
    0x08006a38   0x08006a38   0x00000028   Data   RO         4216    .constdata          c_w.l(_printf_hex_int_ll_ptr.o)
    0x08006a60   0x08006a60   0x0000000c   Data   RO         4240    .constdata          c_w.l(_monlen.o)
    0x08006a6c   0x08006a6c   0x00000026   Data   RO         4314    .constdata          c_w.l(_printf_fp_hex.o)
    0x08006a92   0x08006a92   0x00000002   PAD
    0x08006a94   0x08006a94   0x00000094   Data   RO         4345    .constdata          c_w.l(bigflt0.o)
    0x08006b28   0x08006b28   0x00000020   Data   RO         4515    Region$$Table       anon$$obj.o
    0x08006b48   0x08006b48   0x0000001c   Data   RO         4369    locale$$data        c_w.l(lc_numeric_c.o)
    0x08006b64   0x08006b64   0x00000110   Data   RO         4386    locale$$data        c_w.l(lc_ctype_c.o)


    Execution Region RW_IRAM1 (Exec base: 0x20000000, Load base: 0x08006c74, Size: 0x00000cf0, Max: 0x00005000, ABSOLUTE, COMPRESSED[0x00000090])

    Exec Addr    Load Addr    Size         Type   Attr      Idx    E Section Name        Object

    0x20000000   COMPRESSED   0x0000000c   Data   RW         3234    .data               myrtc.o
    0x2000000c   COMPRESSED   0x0000001a   Data   RW         3261    .data               key.o
    0x20000026   COMPRESSED   0x00000005   Data   RW         3713    .data               apt.o
    0x2000002b   COMPRESSED   0x00000004   Data   RW         3818    .data               countsensor.o
    0x2000002f   COMPRESSED   0x00000260   Data   RW         3912    .data               main.o
    0x2000028f   COMPRESSED   0x00000001   PAD
    0x20000290        -       0x00000400   Zero   RW         3489    .bss                oled.o
    0x20000690        -       0x00000060   Zero   RW         4331    .bss                c_w.l(libspace.o)
    0x200006f0        -       0x00000200   Zero   RW            2    HEAP                startup_stm32f10x_md.o
    0x200008f0        -       0x00000400   Zero   RW            1    STACK               startup_stm32f10x_md.o


==============================================================================

Image component sizes


      Code (inc. data)   RO Data    RW Data    ZI Data      Debug   Object Name

      1864         56          0          5          0       2205   apt.o
        88          8          0          0          0        946   buzzer.o
         0          0          0          0          0       4516   core_cm3.o
       276         36          0          4          0       2926   countsensor.o
       168         14          0          0          0       1127   dc.o
        70          0          0          0          0        962   delay.o
       354         18          0          0          0       2134   encoder.o
       912         48          0         26          0       3676   key.o
       184         34          0          0          0     217438   led.o
      4936        784          0        608          0       8277   main.o
       132         22          0          0          0     207011   misc.o
       112         12          0          0          0       1018   motor.o
       324          4          0         12          0       2846   myrtc.o
      1708         56          0          0       1024      12347   oled.o
         0          0       4559          0          0       1185   oled_data.o
       168         16          0          0          0       1137   pwm.o
        68         12          0          0          0        958   servo.o
        64         26        236          0       1536        832   startup_stm32f10x_md.o
         0          0          0          0          0       1676   stm32f10x_adc.o
        56         10          0          0          0       2139   stm32f10x_bkp.o
       200         18          0          0          0       4184   stm32f10x_exti.o
       396          4          0          0          0      13667   stm32f10x_gpio.o
        26          0          0          0          0       3902   stm32f10x_it.o
        12          6          0          0          0        494   stm32f10x_pwr.o
       204         32          0          0          0       3253   stm32f10x_rcc.o
       328         60          0          0          0       6563   stm32f10x_rtc.o
       608         72          0          0          0      27735   stm32f10x_tim.o
       328         28          0          0          0      30593   system_stm32f10x.o
       122          0          0          0          0        565   timer.o

    ----------------------------------------------------------------------
     13722       1376       4827        656       2560     566312   Object Totals
         0          0         32          0          0          0   (incl. Generated)
        14          0          0          1          0          0   (incl. Padding)

    ----------------------------------------------------------------------

      Code (inc. data)   RO Data    RW Data    ZI Data      Debug   Library Member Name

        44          6          0          0          0         84   __2sprintf.o
        90          0          0          0          0          0   __dczerorl2.o
         8          0          0          0          0         68   __main.o
       392          4         17          0          0         92   __printf_flags_ss_wp.o
        14          0          0          0          0         68   __printf_wp.o
         0          0          0          0          0          0   __rtentry.o
        12          0          0          0          0          0   __rtentry2.o
         6          0          0          0          0          0   __rtentry4.o
        52          8          0          0          0          0   __scatter.o
        28          0          0          0          0          0   __scatter_zi.o
         0          0         12          0          0          0   _monlen.o
         6          0          0          0          0          0   _printf_a.o
         6          0          0          0          0          0   _printf_c.o
        44          0          0          0          0        108   _printf_char.o
        48          6          0          0          0         96   _printf_char_common.o
        40          0          0          0          0         68   _printf_charcount.o
         6          0          0          0          0          0   _printf_d.o
       120         16          0          0          0         92   _printf_dec.o
         6          0          0          0          0          0   _printf_e.o
         6          0          0          0          0          0   _printf_f.o
      1054          0          0          0          0        216   _printf_fp_dec.o
       764          8         38          0          0        100   _printf_fp_hex.o
       128         16          0          0          0         84   _printf_fp_infnan.o
         6          0          0          0          0          0   _printf_g.o
       148          4         40          0          0        160   _printf_hex_int_ll_ptr.o
         6          0          0          0          0          0   _printf_i.o
       178          0          0          0          0         88   _printf_intcommon.o
        10          0          0          0          0          0   _printf_l.o
         6          0          0          0          0          0   _printf_lc.o
        10          0          0          0          0          0   _printf_ll.o
         6          0          0          0          0          0   _printf_lld.o
         6          0          0          0          0          0   _printf_lli.o
         6          0          0          0          0          0   _printf_llo.o
         6          0          0          0          0          0   _printf_llu.o
         6          0          0          0          0          0   _printf_llx.o
       124         16          0          0          0         92   _printf_longlong_dec.o
         6          0          0          0          0          0   _printf_ls.o
         6          0          0          0          0          0   _printf_n.o
         6          0          0          0          0          0   _printf_o.o
       112         10          0          0          0        124   _printf_oct_int_ll.o
         6          0          0          0          0          0   _printf_p.o
        78          0          0          0          0        108   _printf_pad.o
         0          0          0          0          0          0   _printf_percent.o
         4          0          0          0          0          0   _printf_percent_end.o
         6          0          0          0          0          0   _printf_s.o
        82          0          0          0          0         80   _printf_str.o
        36          0          0          0          0         84   _printf_truncate.o
         6          0          0          0          0          0   _printf_u.o
        44          0          0          0          0        108   _printf_wchar.o
       188          6          8          0          0         92   _printf_wctomb.o
         6          0          0          0          0          0   _printf_x.o
        10          0          0          0          0         68   _sputc.o
        64          0          0          0          0         92   _wcrtomb.o
       228          4        148          0          0         96   bigflt0.o
      1936        128          0          0          0        672   btod.o
        18          0          0          0          0         80   exit.o
         6          0          0          0          0        152   heapauxi.o
         0          0          0          0          0          0   indicate_semi.o
        44         10        272          0          0         76   lc_ctype_c.o
        44         10         28          0          0         76   lc_numeric_c.o
         2          0          0          0          0          0   libinit.o
        30          0          0          0          0          0   libinit2.o
         2          0          0          0          0          0   libshutdown.o
         2          0          0          0          0          0   libshutdown2.o
         8          4          0          0         96         68   libspace.o
       138          0          0          0          0         80   lludiv10.o
       428         10          0          0          0        116   mktime.o
        16          4          0          0          0         76   rt_ctype_table.o
         8          4          0          0          0         68   rt_locale_intlibspace.o
         2          0          0          0          0          0   rtexit.o
        10          0          0          0          0          0   rtexit2.o
       128          0          0          0          0         68   strcmpv7m.o
        72          0          0          0          0         80   strcpy.o
        12          4          0          0          0         68   sys_exit.o
        74          0          0          0          0         80   sys_stackheap_outer.o
         2          0          0          0          0         68   use_no_semi.o
        36          4          0          0          0         76   vsprintf.o
       430          8          0          0          0        168   faddsub_clz.o
       388         76          0          0          0         96   fdiv.o
        62          4          0          0          0         84   ffixu.o
       258          4          0          0          0         84   fmul.o
       140          4          0          0          0         84   fnaninf.o
        10          0          0          0          0         68   fretinf.o
         4          0          0          0          0         68   printf1.o
         4          0          0          0          0         68   printf2.o
         0          0          0          0          0          0   usenofp.o
        40          0          0          0          0         68   fpclassify.o

    ----------------------------------------------------------------------
      8648        378        567          0         96       4960   Library Totals
        14          0          4          0          0          0   (incl. Padding)

    ----------------------------------------------------------------------

      Code (inc. data)   RO Data    RW Data    ZI Data      Debug   Library Name

      7298        282        563          0         96       4172   c_w.l
      1296         96          0          0          0        720   fz_ws.l
        40          0          0          0          0         68   m_ws.l

    ----------------------------------------------------------------------
      8648        378        567          0         96       4960   Library Totals

    ----------------------------------------------------------------------

==============================================================================


      Code (inc. data)   RO Data    RW Data    ZI Data      Debug   

     22370       1754       5394        656       2656     562532   Grand Totals
     22370       1754       5394        144       2656     562532   ELF Image Totals (compressed)
     22370       1754       5394        144          0          0   ROM Totals

==============================================================================

    Total RO  Size (Code + RO Data)                27764 (  27.11kB)
    Total RW  Size (RW Data + ZI Data)              3312 (   3.23kB)
    Total ROM Size (Code + RO Data + RW Data)      27908 (  27.25kB)

==============================================================================

